Command line invocation:
    /Applications/Xcode.app/Contents/Developer/usr/bin/xcodebuild -scheme boringNotch -destination platform=macOS build

Resolve Package Graph


Resolved source packages:
  LaunchAtLogin: https://github.com/sindresorhus/LaunchAtLogin-Modern @ 1.1.0
  Lottie: https://github.com/airbnb/lottie-spm.git @ 4.5.2
  Pow: https://github.com/EmergeTools/Pow @ 1.0.5
  Defaults: https://github.com/sindresorhus/Defaults @ 9.0.6
  swift-toolchain-sqlite: https://github.com/swiftlang/swift-toolchain-sqlite @ 1.0.4
  swift-collections: https://github.com/apple/swift-collections.git @ 1.3.0
  swift-syntax: https://github.com/swiftlang/swift-syntax @ 602.0.0
  KeyboardShortcuts: https://github.com/sindresorhus/KeyboardShortcuts @ 2.4.0
  MacroVisionKit: https://github.com/TheBoredTeam/MacroVisionKit @ 0.2.0
  SQLite.swift: https://github.com/stephencelis/SQLite.swift.git @ 0.15.4
  AsyncXPCConnection: https://github.com/ChimeHQ/AsyncXPCConnection @ 1.3.0
  Sparkle: https://github.com/sparkle-project/Sparkle @ 2.8.1
  SkyLightWindow: https://github.com/Lakr233/SkyLightWindow @ 1.0.0
  SwiftGlass: https://github.com/1998code/SwiftGlass.git @ 1.9.9
  swiftui-introspect: https://github.com/siteline/swiftui-introspect @ 1.3.0

ComputePackagePrebuildTargetDependencyGraph

Prepare packages

CreateBuildRequest

SendProjectDescription

CreateBuildOperation

ComputeTargetDependencyGraph
note: Building targets in dependency order
note: Target dependency graph (32 targets)
    Target 'boringNotch' in project 'boringNotch'
        ➜ Explicit dependency on target 'BoringNotchXPCHelper' in project 'boringNotch'
        ➜ Explicit dependency on target 'SQLite' in project 'SQLite.swift'
        ➜ Explicit dependency on target 'MacroVisionKit' in project 'MacroVisionKit'
        ➜ Explicit dependency on target 'Collections' in project 'swift-collections'
        ➜ Explicit dependency on target 'SkyLightWindow' in project 'SkyLightWindow'
        ➜ Explicit dependency on target 'Sparkle' in project 'Sparkle'
        ➜ Explicit dependency on target 'Lottie' in project 'Lottie'
        ➜ Explicit dependency on target 'LaunchAtLogin' in project 'LaunchAtLogin'
        ➜ Explicit dependency on target 'KeyboardShortcuts' in project 'KeyboardShortcuts'
        ➜ Explicit dependency on target 'Defaults' in project 'Defaults'
        ➜ Explicit dependency on target 'AsyncXPCConnection' in project 'AsyncXPCConnection'
        ➜ Explicit dependency on target 'SwiftUIIntrospect' in project 'swiftui-introspect'
    Target 'SwiftUIIntrospect' in project 'swiftui-introspect'
        ➜ Explicit dependency on target 'SwiftUIIntrospect' in project 'swiftui-introspect'
    Target 'SwiftUIIntrospect' in project 'swiftui-introspect' (no dependencies)
    Target 'AsyncXPCConnection' in project 'AsyncXPCConnection'
        ➜ Explicit dependency on target 'AsyncXPCConnection' in project 'AsyncXPCConnection'
    Target 'AsyncXPCConnection' in project 'AsyncXPCConnection' (no dependencies)
    Target 'Defaults' in project 'Defaults'
        ➜ Explicit dependency on target 'Defaults' in project 'Defaults'
        ➜ Explicit dependency on target 'Defaults_Defaults' in project 'Defaults'
    Target 'Defaults' in project 'Defaults'
        ➜ Explicit dependency on target 'Defaults_Defaults' in project 'Defaults'
    Target 'Defaults_Defaults' in project 'Defaults' (no dependencies)
    Target 'KeyboardShortcuts' in project 'KeyboardShortcuts'
        ➜ Explicit dependency on target 'KeyboardShortcuts' in project 'KeyboardShortcuts'
        ➜ Explicit dependency on target 'KeyboardShortcuts_KeyboardShortcuts' in project 'KeyboardShortcuts'
    Target 'KeyboardShortcuts' in project 'KeyboardShortcuts'
        ➜ Explicit dependency on target 'KeyboardShortcuts_KeyboardShortcuts' in project 'KeyboardShortcuts'
    Target 'KeyboardShortcuts_KeyboardShortcuts' in project 'KeyboardShortcuts' (no dependencies)
    Target 'LaunchAtLogin' in project 'LaunchAtLogin'
        ➜ Explicit dependency on target 'LaunchAtLogin' in project 'LaunchAtLogin'
    Target 'LaunchAtLogin' in project 'LaunchAtLogin' (no dependencies)
    Target 'Lottie' in project 'Lottie'
        ➜ Explicit dependency on target '_LottieStub' in project 'Lottie'
    Target '_LottieStub' in project 'Lottie' (no dependencies)
    Target 'Sparkle' in project 'Sparkle' (no dependencies)
    Target 'SkyLightWindow' in project 'SkyLightWindow'
        ➜ Explicit dependency on target 'SkyLightWindow' in project 'SkyLightWindow'
    Target 'SkyLightWindow' in project 'SkyLightWindow' (no dependencies)
    Target 'Collections' in project 'swift-collections'
        ➜ Explicit dependency on target 'Collections' in project 'swift-collections'
        ➜ Explicit dependency on target 'InternalCollectionsUtilities' in project 'swift-collections'
        ➜ Explicit dependency on target 'BitCollections' in project 'swift-collections'
        ➜ Explicit dependency on target 'DequeModule' in project 'swift-collections'
        ➜ Explicit dependency on target 'HashTreeCollections' in project 'swift-collections'
        ➜ Explicit dependency on target 'HeapModule' in project 'swift-collections'
        ➜ Explicit dependency on target 'OrderedCollections' in project 'swift-collections'
        ➜ Explicit dependency on target '_RopeModule' in project 'swift-collections'
    Target 'Collections' in project 'swift-collections'
        ➜ Explicit dependency on target 'InternalCollectionsUtilities' in project 'swift-collections'
        ➜ Explicit dependency on target 'BitCollections' in project 'swift-collections'
        ➜ Explicit dependency on target 'DequeModule' in project 'swift-collections'
        ➜ Explicit dependency on target 'HashTreeCollections' in project 'swift-collections'
        ➜ Explicit dependency on target 'HeapModule' in project 'swift-collections'
        ➜ Explicit dependency on target 'OrderedCollections' in project 'swift-collections'
        ➜ Explicit dependency on target '_RopeModule' in project 'swift-collections'
    Target '_RopeModule' in project 'swift-collections'
        ➜ Explicit dependency on target 'InternalCollectionsUtilities' in project 'swift-collections'
    Target 'OrderedCollections' in project 'swift-collections'
        ➜ Explicit dependency on target 'InternalCollectionsUtilities' in project 'swift-collections'
    Target 'HeapModule' in project 'swift-collections'
        ➜ Explicit dependency on target 'InternalCollectionsUtilities' in project 'swift-collections'
    Target 'HashTreeCollections' in project 'swift-collections'
        ➜ Explicit dependency on target 'InternalCollectionsUtilities' in project 'swift-collections'
    Target 'DequeModule' in project 'swift-collections'
        ➜ Explicit dependency on target 'InternalCollectionsUtilities' in project 'swift-collections'
    Target 'BitCollections' in project 'swift-collections'
        ➜ Explicit dependency on target 'InternalCollectionsUtilities' in project 'swift-collections'
    Target 'InternalCollectionsUtilities' in project 'swift-collections' (no dependencies)
    Target 'MacroVisionKit' in project 'MacroVisionKit'
        ➜ Explicit dependency on target 'MacroVisionKit' in project 'MacroVisionKit'
    Target 'MacroVisionKit' in project 'MacroVisionKit' (no dependencies)
    Target 'SQLite' in project 'SQLite.swift'
        ➜ Explicit dependency on target 'SQLite' in project 'SQLite.swift'
    Target 'SQLite' in project 'SQLite.swift' (no dependencies)
    Target 'BoringNotchXPCHelper' in project 'boringNotch' (no dependencies)

GatherProvisioningInputs

CreateBuildDescription

ExecuteExternalTool /Applications/Xcode.app/Contents/Developer/Toolchains/XcodeDefault.xctoolchain/usr/bin/swiftc --version

ExecuteExternalTool /Applications/Xcode.app/Contents/Developer/Toolchains/XcodeDefault.xctoolchain/usr/bin/clang -v -E -dM -isysroot /Applications/Xcode.app/Contents/Developer/Platforms/MacOSX.platform/Developer/SDKs/MacOSX26.2.sdk -x c -c /dev/null

ExecuteExternalTool /Applications/Xcode.app/Contents/Developer/usr/bin/actool --version --output-format xml1

ExecuteExternalTool /Applications/Xcode.app/Contents/Developer/usr/bin/xcstringstool compile --dry-run --output-directory /Users/larsboes/Library/Developer/Xcode/DerivedData/boringNotch-gnifydcpqlwtrbfssnsvxorvuuwt/Build/Intermediates.noindex/boringNotch.build/Debug/boringNotch.build /Users/larsboes/Developer/boring.notch/boringNotch/Localizable.xcstrings

ExecuteExternalTool /Applications/Xcode.app/Contents/Developer/Toolchains/XcodeDefault.xctoolchain/usr/bin/ld -version_details

ReadFileContents /Applications/Xcode.app/Contents/Developer/Toolchains/XcodeDefault.xctoolchain/usr/share/docc/features.json

Build description signature: b3adc5f2d9e96c4f99358cdaa32a488b
Build description path: /Users/larsboes/Library/Developer/Xcode/DerivedData/boringNotch-gnifydcpqlwtrbfssnsvxorvuuwt/Build/Intermediates.noindex/XCBuildData/b3adc5f2d9e96c4f99358cdaa32a488b.xcbuilddata
ClangStatCache /Applications/Xcode.app/Contents/Developer/Toolchains/XcodeDefault.xctoolchain/usr/bin/clang-stat-cache /Applications/Xcode.app/Contents/Developer/Platforms/MacOSX.platform/Developer/SDKs/MacOSX26.2.sdk /Users/larsboes/Library/Developer/Xcode/DerivedData/SDKStatCaches.noindex/macosx26.2-25C58-00fa09913b459cbbc988d1f6730289ae.sdkstatcache
    cd /Users/larsboes/Developer/boring.notch/boringNotch.xcodeproj
    /Applications/Xcode.app/Contents/Developer/Toolchains/XcodeDefault.xctoolchain/usr/bin/clang-stat-cache /Applications/Xcode.app/Contents/Developer/Platforms/MacOSX.platform/Developer/SDKs/MacOSX26.2.sdk -o /Users/larsboes/Library/Developer/Xcode/DerivedData/SDKStatCaches.noindex/macosx26.2-25C58-00fa09913b459cbbc988d1f6730289ae.sdkstatcache

note: Disabling hardened runtime with ad-hoc codesigning. (in target 'BoringNotchXPCHelper' from project 'boringNotch')
ProcessInfoPlistFile /Users/larsboes/Library/Developer/Xcode/DerivedData/boringNotch-gnifydcpqlwtrbfssnsvxorvuuwt/Build/Products/Debug/BoringNotchXPCHelper.xpc/Contents/Info.plist /Users/larsboes/Developer/boring.notch/BoringNotchXPCHelper/Info.plist (in target 'BoringNotchXPCHelper' from project 'boringNotch')
    cd /Users/larsboes/Developer/boring.notch
    builtin-infoPlistUtility /Users/larsboes/Developer/boring.notch/BoringNotchXPCHelper/Info.plist -producttype com.apple.product-type.xpc-service -expandbuildsettings -platform macosx -o /Users/larsboes/Library/Developer/Xcode/DerivedData/boringNotch-gnifydcpqlwtrbfssnsvxorvuuwt/Build/Products/Debug/BoringNotchXPCHelper.xpc/Contents/Info.plist

ProcessInfoPlistFile /Users/larsboes/Library/Developer/Xcode/DerivedData/boringNotch-gnifydcpqlwtrbfssnsvxorvuuwt/Build/Products/Debug/Defaults_Defaults.bundle/Contents/Info.plist /Users/larsboes/Library/Developer/Xcode/DerivedData/boringNotch-gnifydcpqlwtrbfssnsvxorvuuwt/Build/Intermediates.noindex/Defaults.build/Debug/Defaults_Defaults.build/empty-Defaults_Defaults.plist (in target 'Defaults_Defaults' from project 'Defaults')
    cd /Users/larsboes/Library/Developer/Xcode/DerivedData/boringNotch-gnifydcpqlwtrbfssnsvxorvuuwt/SourcePackages/checkouts/Defaults
    builtin-infoPlistUtility /Users/larsboes/Library/Developer/Xcode/DerivedData/boringNotch-gnifydcpqlwtrbfssnsvxorvuuwt/Build/Intermediates.noindex/Defaults.build/Debug/Defaults_Defaults.build/empty-Defaults_Defaults.plist -producttype com.apple.product-type.bundle -expandbuildsettings -platform macosx -o /Users/larsboes/Library/Developer/Xcode/DerivedData/boringNotch-gnifydcpqlwtrbfssnsvxorvuuwt/Build/Products/Debug/Defaults_Defaults.bundle/Contents/Info.plist

ProcessInfoPlistFile /Users/larsboes/Library/Developer/Xcode/DerivedData/boringNotch-gnifydcpqlwtrbfssnsvxorvuuwt/Build/Products/Debug/KeyboardShortcuts_KeyboardShortcuts.bundle/Contents/Info.plist /Users/larsboes/Library/Developer/Xcode/DerivedData/boringNotch-gnifydcpqlwtrbfssnsvxorvuuwt/Build/Intermediates.noindex/KeyboardShortcuts.build/Debug/KeyboardShortcuts_KeyboardShortcuts.build/empty-KeyboardShortcuts_KeyboardShortcuts.plist (in target 'KeyboardShortcuts_KeyboardShortcuts' from project 'KeyboardShortcuts')
    cd /Users/larsboes/Library/Developer/Xcode/DerivedData/boringNotch-gnifydcpqlwtrbfssnsvxorvuuwt/SourcePackages/checkouts/KeyboardShortcuts
    builtin-infoPlistUtility /Users/larsboes/Library/Developer/Xcode/DerivedData/boringNotch-gnifydcpqlwtrbfssnsvxorvuuwt/Build/Intermediates.noindex/KeyboardShortcuts.build/Debug/KeyboardShortcuts_KeyboardShortcuts.build/empty-KeyboardShortcuts_KeyboardShortcuts.plist -producttype com.apple.product-type.bundle -expandbuildsettings -platform macosx -o /Users/larsboes/Library/Developer/Xcode/DerivedData/boringNotch-gnifydcpqlwtrbfssnsvxorvuuwt/Build/Products/Debug/KeyboardShortcuts_KeyboardShortcuts.bundle/Contents/Info.plist

note: Disabling hardened runtime with ad-hoc codesigning. (in target 'boringNotch' from project 'boringNotch')
CompileXCStrings /Users/larsboes/Library/Developer/Xcode/DerivedData/boringNotch-gnifydcpqlwtrbfssnsvxorvuuwt/Build/Intermediates.noindex/boringNotch.build/Debug/boringNotch.build/ /Users/larsboes/Developer/boring.notch/boringNotch/Localizable.xcstrings (in target 'boringNotch' from project 'boringNotch')
    cd /Users/larsboes/Developer/boring.notch
    /Applications/Xcode.app/Contents/Developer/usr/bin/xcstringstool compile --output-directory /Users/larsboes/Library/Developer/Xcode/DerivedData/boringNotch-gnifydcpqlwtrbfssnsvxorvuuwt/Build/Intermediates.noindex/boringNotch.build/Debug/boringNotch.build /Users/larsboes/Developer/boring.notch/boringNotch/Localizable.xcstrings

SwiftDriver boringNotch normal arm64 com.apple.xcode.tools.swift.compiler (in target 'boringNotch' from project 'boringNotch')
    cd /Users/larsboes/Developer/boring.notch
    builtin-SwiftDriver -- /Applications/Xcode.app/Contents/Developer/Toolchains/XcodeDefault.xctoolchain/usr/bin/swiftc -module-name boringNotch -Onone -enforce-exclusivity\=checked @/Users/larsboes/Library/Developer/Xcode/DerivedData/boringNotch-gnifydcpqlwtrbfssnsvxorvuuwt/Build/Intermediates.noindex/boringNotch.build/Debug/boringNotch.build/Objects-normal/arm64/boringNotch.SwiftFileList -DDEBUG -strict-concurrency\=targeted -enable-bare-slash-regex -enable-experimental-feature DebugDescriptionMacro -sdk /Applications/Xcode.app/Contents/Developer/Platforms/MacOSX.platform/Developer/SDKs/MacOSX26.2.sdk -target arm64-apple-macos26.0 -g -module-cache-path /Users/larsboes/Library/Developer/Xcode/DerivedData/ModuleCache.noindex -Xfrontend -serialize-debugging-options -enable-testing -index-store-path /Users/larsboes/Library/Developer/Xcode/DerivedData/boringNotch-gnifydcpqlwtrbfssnsvxorvuuwt/Index.noindex/DataStore -Xcc -D_LIBCPP_HARDENING_MODE\=_LIBCPP_HARDENING_MODE_DEBUG -swift-version 5 -I /Users/larsboes/Library/Developer/Xcode/DerivedData/boringNotch-gnifydcpqlwtrbfssnsvxorvuuwt/Build/Products/Debug -F /Users/larsboes/Library/Developer/Xcode/DerivedData/boringNotch-gnifydcpqlwtrbfssnsvxorvuuwt/Build/Products/Debug/PackageFrameworks -F /Users/larsboes/Library/Developer/Xcode/DerivedData/boringNotch-gnifydcpqlwtrbfssnsvxorvuuwt/Build/Products/Debug/PackageFrameworks -F /Users/larsboes/Library/Developer/Xcode/DerivedData/boringNotch-gnifydcpqlwtrbfssnsvxorvuuwt/Build/Products/Debug/PackageFrameworks -F /Users/larsboes/Library/Developer/Xcode/DerivedData/boringNotch-gnifydcpqlwtrbfssnsvxorvuuwt/Build/Products/Debug/PackageFrameworks -F /Users/larsboes/Library/Developer/Xcode/DerivedData/boringNotch-gnifydcpqlwtrbfssnsvxorvuuwt/Build/Products/Debug/PackageFrameworks -F /Users/larsboes/Library/Developer/Xcode/DerivedData/boringNotch-gnifydcpqlwtrbfssnsvxorvuuwt/Build/Products/Debug/PackageFrameworks -F /Users/larsboes/Library/Developer/Xcode/DerivedData/boringNotch-gnifydcpqlwtrbfssnsvxorvuuwt/Build/Products/Debug/PackageFrameworks -F /Users/larsboes/Library/Developer/Xcode/DerivedData/boringNotch-gnifydcpqlwtrbfssnsvxorvuuwt/Build/Products/Debug/PackageFrameworks -F /Users/larsboes/Library/Developer/Xcode/DerivedData/boringNotch-gnifydcpqlwtrbfssnsvxorvuuwt/Build/Products/Debug/PackageFrameworks -F /Users/larsboes/Library/Developer/Xcode/DerivedData/boringNotch-gnifydcpqlwtrbfssnsvxorvuuwt/Build/Products/Debug/PackageFrameworks -F /Users/larsboes/Library/Developer/Xcode/DerivedData/boringNotch-gnifydcpqlwtrbfssnsvxorvuuwt/Build/Products/Debug/PackageFrameworks -F /Users/larsboes/Library/Developer/Xcode/DerivedData/boringNotch-gnifydcpqlwtrbfssnsvxorvuuwt/Build/Products/Debug/PackageFrameworks -F /Users/larsboes/Library/Developer/Xcode/DerivedData/boringNotch-gnifydcpqlwtrbfssnsvxorvuuwt/Build/Products/Debug/PackageFrameworks -F /Users/larsboes/Library/Developer/Xcode/DerivedData/boringNotch-gnifydcpqlwtrbfssnsvxorvuuwt/Build/Products/Debug/PackageFrameworks -F /Users/larsboes/Library/Developer/Xcode/DerivedData/boringNotch-gnifydcpqlwtrbfssnsvxorvuuwt/Build/Products/Debug/PackageFrameworks -F /Users/larsboes/Library/Developer/Xcode/DerivedData/boringNotch-gnifydcpqlwtrbfssnsvxorvuuwt/Build/Products/Debug/PackageFrameworks -F /Users/larsboes/Library/Developer/Xcode/DerivedData/boringNotch-gnifydcpqlwtrbfssnsvxorvuuwt/Build/Products/Debug/PackageFrameworks -F /Users/larsboes/Library/Developer/Xcode/DerivedData/boringNotch-gnifydcpqlwtrbfssnsvxorvuuwt/Build/Products/Debug -F /Users/larsboes/Developer/boring.notch/mediaremote-adapter -F /Applications/Xcode.app/Contents/Developer/Platforms/MacOSX.platform/Developer/SDKs/MacOSX26.2.sdk/System/Library/PrivateFrameworks -emit-localized-strings -emit-localized-strings-path /Users/larsboes/Library/Developer/Xcode/DerivedData/boringNotch-gnifydcpqlwtrbfssnsvxorvuuwt/Build/Intermediates.noindex/boringNotch.build/Debug/boringNotch.build/Objects-normal/arm64 -c -j12 -enable-batch-mode -incremental -Xcc -ivfsstatcache -Xcc /Users/larsboes/Library/Developer/Xcode/DerivedData/SDKStatCaches.noindex/macosx26.2-25C58-00fa09913b459cbbc988d1f6730289ae.sdkstatcache -output-file-map /Users/larsboes/Library/Developer/Xcode/DerivedData/boringNotch-gnifydcpqlwtrbfssnsvxorvuuwt/Build/Intermediates.noindex/boringNotch.build/Debug/boringNotch.build/Objects-normal/arm64/boringNotch-OutputFileMap.json -use-frontend-parseable-output -save-temps -no-color-diagnostics -explicit-module-build -module-cache-path /Users/larsboes/Library/Developer/Xcode/DerivedData/boringNotch-gnifydcpqlwtrbfssnsvxorvuuwt/Build/Intermediates.noindex/SwiftExplicitPrecompiledModules -clang-scanner-module-cache-path /Users/larsboes/Library/Developer/Xcode/DerivedData/ModuleCache.noindex -sdk-module-cache-path /Users/larsboes/Library/Developer/Xcode/DerivedData/ModuleCache.noindex -serialize-diagnostics -emit-dependencies -emit-module -emit-module-path /Users/larsboes/Library/Developer/Xcode/DerivedData/boringNotch-gnifydcpqlwtrbfssnsvxorvuuwt/Build/Intermediates.noindex/boringNotch.build/Debug/boringNotch.build/Objects-normal/arm64/boringNotch.swiftmodule -validate-clang-modules-once -clang-build-session-file /Users/larsboes/Library/Developer/Xcode/DerivedData/ModuleCache.noindex/Session.modulevalidation -Xcc -I/Users/larsboes/Library/Developer/Xcode/DerivedData/boringNotch-gnifydcpqlwtrbfssnsvxorvuuwt/Build/Intermediates.noindex/boringNotch.build/Debug/boringNotch.build/swift-overrides.hmap -emit-const-values -Xfrontend -const-gather-protocols-file -Xfrontend /Users/larsboes/Library/Developer/Xcode/DerivedData/boringNotch-gnifydcpqlwtrbfssnsvxorvuuwt/Build/Intermediates.noindex/boringNotch.build/Debug/boringNotch.build/Objects-normal/arm64/boringNotch_const_extract_protocols.json -Xcc -iquote -Xcc /Users/larsboes/Library/Developer/Xcode/DerivedData/boringNotch-gnifydcpqlwtrbfssnsvxorvuuwt/Build/Intermediates.noindex/boringNotch.build/Debug/boringNotch.build/boringNotch-generated-files.hmap -Xcc -I/Users/larsboes/Library/Developer/Xcode/DerivedData/boringNotch-gnifydcpqlwtrbfssnsvxorvuuwt/Build/Intermediates.noindex/boringNotch.build/Debug/boringNotch.build/boringNotch-own-target-headers.hmap -Xcc -I/Users/larsboes/Library/Developer/Xcode/DerivedData/boringNotch-gnifydcpqlwtrbfssnsvxorvuuwt/Build/Intermediates.noindex/boringNotch.build/Debug/boringNotch.build/boringNotch-all-non-framework-target-headers.hmap -Xcc -ivfsoverlay -Xcc /Users/larsboes/Library/Developer/Xcode/DerivedData/boringNotch-gnifydcpqlwtrbfssnsvxorvuuwt/Build/Intermediates.noindex/boringNotch.build/Debug/boringNotch-24fad2970be8908e3b8516a50e73f4fd-VFS/all-product-headers.yaml -Xcc -iquote -Xcc /Users/larsboes/Library/Developer/Xcode/DerivedData/boringNotch-gnifydcpqlwtrbfssnsvxorvuuwt/Build/Intermediates.noindex/boringNotch.build/Debug/boringNotch.build/boringNotch-project-headers.hmap -Xcc -I/Users/larsboes/Library/Developer/Xcode/DerivedData/boringNotch-gnifydcpqlwtrbfssnsvxorvuuwt/Build/Products/Debug/include -Xcc -I/Users/larsboes/Library/Developer/Xcode/DerivedData/boringNotch-gnifydcpqlwtrbfssnsvxorvuuwt/Build/Intermediates.noindex/boringNotch.build/Debug/boringNotch.build/DerivedSources-normal/arm64 -Xcc -I/Users/larsboes/Library/Developer/Xcode/DerivedData/boringNotch-gnifydcpqlwtrbfssnsvxorvuuwt/Build/Intermediates.noindex/boringNotch.build/Debug/boringNotch.build/DerivedSources/arm64 -Xcc -I/Users/larsboes/Library/Developer/Xcode/DerivedData/boringNotch-gnifydcpqlwtrbfssnsvxorvuuwt/Build/Intermediates.noindex/boringNotch.build/Debug/boringNotch.build/DerivedSources -Xcc -DDEBUG\=1 -emit-objc-header -emit-objc-header-path /Users/larsboes/Library/Developer/Xcode/DerivedData/boringNotch-gnifydcpqlwtrbfssnsvxorvuuwt/Build/Intermediates.noindex/boringNotch.build/Debug/boringNotch.build/Objects-normal/arm64/boringNotch-Swift.h -working-directory /Users/larsboes/Developer/boring.notch -experimental-emit-module-separately -disable-cmo

CopyStringsFile /Users/larsboes/Library/Developer/Xcode/DerivedData/boringNotch-gnifydcpqlwtrbfssnsvxorvuuwt/Build/Products/Debug/boringNotch.app/Contents/Resources/hu.lproj/Localizable.strings /Users/larsboes/Library/Developer/Xcode/DerivedData/boringNotch-gnifydcpqlwtrbfssnsvxorvuuwt/Build/Intermediates.noindex/boringNotch.build/Debug/boringNotch.build/hu.lproj/Localizable.strings (in target 'boringNotch' from project 'boringNotch')
    cd /Users/larsboes/Developer/boring.notch
    builtin-copyStrings --validate --outputencoding UTF-16 --outfilename Localizable.strings --outdir /Users/larsboes/Library/Developer/Xcode/DerivedData/boringNotch-gnifydcpqlwtrbfssnsvxorvuuwt/Build/Products/Debug/boringNotch.app/Contents/Resources/hu.lproj -- /Users/larsboes/Library/Developer/Xcode/DerivedData/boringNotch-gnifydcpqlwtrbfssnsvxorvuuwt/Build/Intermediates.noindex/boringNotch.build/Debug/boringNotch.build/hu.lproj/Localizable.strings
/Users/larsboes/Library/Developer/Xcode/DerivedData/boringNotch-gnifydcpqlwtrbfssnsvxorvuuwt/Build/Intermediates.noindex/boringNotch.build/Debug/boringNotch.build/hu.lproj/Localizable.strings:1:1: note: detected encoding of input file as Unicode (UTF-8) (in target 'boringNotch' from project 'boringNotch')

CopyStringsFile /Users/larsboes/Library/Developer/Xcode/DerivedData/boringNotch-gnifydcpqlwtrbfssnsvxorvuuwt/Build/Products/Debug/boringNotch.app/Contents/Resources/ru.lproj/Localizable.strings /Users/larsboes/Library/Developer/Xcode/DerivedData/boringNotch-gnifydcpqlwtrbfssnsvxorvuuwt/Build/Intermediates.noindex/boringNotch.build/Debug/boringNotch.build/ru.lproj/Localizable.strings (in target 'boringNotch' from project 'boringNotch')
    cd /Users/larsboes/Developer/boring.notch
    builtin-copyStrings --validate --outputencoding UTF-16 --outfilename Localizable.strings --outdir /Users/larsboes/Library/Developer/Xcode/DerivedData/boringNotch-gnifydcpqlwtrbfssnsvxorvuuwt/Build/Products/Debug/boringNotch.app/Contents/Resources/ru.lproj -- /Users/larsboes/Library/Developer/Xcode/DerivedData/boringNotch-gnifydcpqlwtrbfssnsvxorvuuwt/Build/Intermediates.noindex/boringNotch.build/Debug/boringNotch.build/ru.lproj/Localizable.strings
/Users/larsboes/Library/Developer/Xcode/DerivedData/boringNotch-gnifydcpqlwtrbfssnsvxorvuuwt/Build/Intermediates.noindex/boringNotch.build/Debug/boringNotch.build/ru.lproj/Localizable.strings:1:1: note: detected encoding of input file as Unicode (UTF-8) (in target 'boringNotch' from project 'boringNotch')

CopyStringsFile /Users/larsboes/Library/Developer/Xcode/DerivedData/boringNotch-gnifydcpqlwtrbfssnsvxorvuuwt/Build/Products/Debug/boringNotch.app/Contents/Resources/pl.lproj/Localizable.strings /Users/larsboes/Library/Developer/Xcode/DerivedData/boringNotch-gnifydcpqlwtrbfssnsvxorvuuwt/Build/Intermediates.noindex/boringNotch.build/Debug/boringNotch.build/pl.lproj/Localizable.strings (in target 'boringNotch' from project 'boringNotch')
    cd /Users/larsboes/Developer/boring.notch
    builtin-copyStrings --validate --outputencoding UTF-16 --outfilename Localizable.strings --outdir /Users/larsboes/Library/Developer/Xcode/DerivedData/boringNotch-gnifydcpqlwtrbfssnsvxorvuuwt/Build/Products/Debug/boringNotch.app/Contents/Resources/pl.lproj -- /Users/larsboes/Library/Developer/Xcode/DerivedData/boringNotch-gnifydcpqlwtrbfssnsvxorvuuwt/Build/Intermediates.noindex/boringNotch.build/Debug/boringNotch.build/pl.lproj/Localizable.strings
/Users/larsboes/Library/Developer/Xcode/DerivedData/boringNotch-gnifydcpqlwtrbfssnsvxorvuuwt/Build/Intermediates.noindex/boringNotch.build/Debug/boringNotch.build/pl.lproj/Localizable.strings:1:1: note: detected encoding of input file as Unicode (UTF-8) (in target 'boringNotch' from project 'boringNotch')

CopyStringsFile /Users/larsboes/Library/Developer/Xcode/DerivedData/boringNotch-gnifydcpqlwtrbfssnsvxorvuuwt/Build/Products/Debug/boringNotch.app/Contents/Resources/en-GB.lproj/Localizable.strings /Users/larsboes/Library/Developer/Xcode/DerivedData/boringNotch-gnifydcpqlwtrbfssnsvxorvuuwt/Build/Intermediates.noindex/boringNotch.build/Debug/boringNotch.build/en-GB.lproj/Localizable.strings (in target 'boringNotch' from project 'boringNotch')
    cd /Users/larsboes/Developer/boring.notch
    builtin-copyStrings --validate --outputencoding UTF-16 --outfilename Localizable.strings --outdir /Users/larsboes/Library/Developer/Xcode/DerivedData/boringNotch-gnifydcpqlwtrbfssnsvxorvuuwt/Build/Products/Debug/boringNotch.app/Contents/Resources/en-GB.lproj -- /Users/larsboes/Library/Developer/Xcode/DerivedData/boringNotch-gnifydcpqlwtrbfssnsvxorvuuwt/Build/Intermediates.noindex/boringNotch.build/Debug/boringNotch.build/en-GB.lproj/Localizable.strings
/Users/larsboes/Library/Developer/Xcode/DerivedData/boringNotch-gnifydcpqlwtrbfssnsvxorvuuwt/Build/Intermediates.noindex/boringNotch.build/Debug/boringNotch.build/en-GB.lproj/Localizable.strings:1:1: note: detected encoding of input file as Unicode (UTF-8) (in target 'boringNotch' from project 'boringNotch')

CopyStringsFile /Users/larsboes/Library/Developer/Xcode/DerivedData/boringNotch-gnifydcpqlwtrbfssnsvxorvuuwt/Build/Products/Debug/boringNotch.app/Contents/Resources/en.lproj/Localizable.strings /Users/larsboes/Library/Developer/Xcode/DerivedData/boringNotch-gnifydcpqlwtrbfssnsvxorvuuwt/Build/Intermediates.noindex/boringNotch.build/Debug/boringNotch.build/en.lproj/Localizable.strings (in target 'boringNotch' from project 'boringNotch')
    cd /Users/larsboes/Developer/boring.notch
    builtin-copyStrings --validate --outputencoding UTF-16 --outfilename Localizable.strings --outdir /Users/larsboes/Library/Developer/Xcode/DerivedData/boringNotch-gnifydcpqlwtrbfssnsvxorvuuwt/Build/Products/Debug/boringNotch.app/Contents/Resources/en.lproj -- /Users/larsboes/Library/Developer/Xcode/DerivedData/boringNotch-gnifydcpqlwtrbfssnsvxorvuuwt/Build/Intermediates.noindex/boringNotch.build/Debug/boringNotch.build/en.lproj/Localizable.strings
/Users/larsboes/Library/Developer/Xcode/DerivedData/boringNotch-gnifydcpqlwtrbfssnsvxorvuuwt/Build/Intermediates.noindex/boringNotch.build/Debug/boringNotch.build/en.lproj/Localizable.strings:1:1: note: detected encoding of input file as Unicode (UTF-8) (in target 'boringNotch' from project 'boringNotch')

CopyStringsFile /Users/larsboes/Library/Developer/Xcode/DerivedData/boringNotch-gnifydcpqlwtrbfssnsvxorvuuwt/Build/Products/Debug/boringNotch.app/Contents/Resources/uk.lproj/Localizable.strings /Users/larsboes/Library/Developer/Xcode/DerivedData/boringNotch-gnifydcpqlwtrbfssnsvxorvuuwt/Build/Intermediates.noindex/boringNotch.build/Debug/boringNotch.build/uk.lproj/Localizable.strings (in target 'boringNotch' from project 'boringNotch')
    cd /Users/larsboes/Developer/boring.notch
    builtin-copyStrings --validate --outputencoding UTF-16 --outfilename Localizable.strings --outdir /Users/larsboes/Library/Developer/Xcode/DerivedData/boringNotch-gnifydcpqlwtrbfssnsvxorvuuwt/Build/Products/Debug/boringNotch.app/Contents/Resources/uk.lproj -- /Users/larsboes/Library/Developer/Xcode/DerivedData/boringNotch-gnifydcpqlwtrbfssnsvxorvuuwt/Build/Intermediates.noindex/boringNotch.build/Debug/boringNotch.build/uk.lproj/Localizable.strings
/Users/larsboes/Library/Developer/Xcode/DerivedData/boringNotch-gnifydcpqlwtrbfssnsvxorvuuwt/Build/Intermediates.noindex/boringNotch.build/Debug/boringNotch.build/uk.lproj/Localizable.strings:1:1: note: detected encoding of input file as Unicode (UTF-8) (in target 'boringNotch' from project 'boringNotch')

CopyStringsFile /Users/larsboes/Library/Developer/Xcode/DerivedData/boringNotch-gnifydcpqlwtrbfssnsvxorvuuwt/Build/Products/Debug/boringNotch.app/Contents/Resources/tr.lproj/Localizable.strings /Users/larsboes/Library/Developer/Xcode/DerivedData/boringNotch-gnifydcpqlwtrbfssnsvxorvuuwt/Build/Intermediates.noindex/boringNotch.build/Debug/boringNotch.build/tr.lproj/Localizable.strings (in target 'boringNotch' from project 'boringNotch')
    cd /Users/larsboes/Developer/boring.notch
    builtin-copyStrings --validate --outputencoding UTF-16 --outfilename Localizable.strings --outdir /Users/larsboes/Library/Developer/Xcode/DerivedData/boringNotch-gnifydcpqlwtrbfssnsvxorvuuwt/Build/Products/Debug/boringNotch.app/Contents/Resources/tr.lproj -- /Users/larsboes/Library/Developer/Xcode/DerivedData/boringNotch-gnifydcpqlwtrbfssnsvxorvuuwt/Build/Intermediates.noindex/boringNotch.build/Debug/boringNotch.build/tr.lproj/Localizable.strings
/Users/larsboes/Library/Developer/Xcode/DerivedData/boringNotch-gnifydcpqlwtrbfssnsvxorvuuwt/Build/Intermediates.noindex/boringNotch.build/Debug/boringNotch.build/tr.lproj/Localizable.strings:1:1: note: detected encoding of input file as Unicode (UTF-8) (in target 'boringNotch' from project 'boringNotch')

CopyStringsFile /Users/larsboes/Library/Developer/Xcode/DerivedData/boringNotch-gnifydcpqlwtrbfssnsvxorvuuwt/Build/Products/Debug/boringNotch.app/Contents/Resources/pt-BR.lproj/Localizable.strings /Users/larsboes/Library/Developer/Xcode/DerivedData/boringNotch-gnifydcpqlwtrbfssnsvxorvuuwt/Build/Intermediates.noindex/boringNotch.build/Debug/boringNotch.build/pt-BR.lproj/Localizable.strings (in target 'boringNotch' from project 'boringNotch')
    cd /Users/larsboes/Developer/boring.notch
    builtin-copyStrings --validate --outputencoding UTF-16 --outfilename Localizable.strings --outdir /Users/larsboes/Library/Developer/Xcode/DerivedData/boringNotch-gnifydcpqlwtrbfssnsvxorvuuwt/Build/Products/Debug/boringNotch.app/Contents/Resources/pt-BR.lproj -- /Users/larsboes/Library/Developer/Xcode/DerivedData/boringNotch-gnifydcpqlwtrbfssnsvxorvuuwt/Build/Intermediates.noindex/boringNotch.build/Debug/boringNotch.build/pt-BR.lproj/Localizable.strings
/Users/larsboes/Library/Developer/Xcode/DerivedData/boringNotch-gnifydcpqlwtrbfssnsvxorvuuwt/Build/Intermediates.noindex/boringNotch.build/Debug/boringNotch.build/pt-BR.lproj/Localizable.strings:1:1: note: detected encoding of input file as Unicode (UTF-8) (in target 'boringNotch' from project 'boringNotch')

CopyStringsFile /Users/larsboes/Library/Developer/Xcode/DerivedData/boringNotch-gnifydcpqlwtrbfssnsvxorvuuwt/Build/Products/Debug/boringNotch.app/Contents/Resources/zh-Hans.lproj/Localizable.strings /Users/larsboes/Library/Developer/Xcode/DerivedData/boringNotch-gnifydcpqlwtrbfssnsvxorvuuwt/Build/Intermediates.noindex/boringNotch.build/Debug/boringNotch.build/zh-Hans.lproj/Localizable.strings (in target 'boringNotch' from project 'boringNotch')
    cd /Users/larsboes/Developer/boring.notch
    builtin-copyStrings --validate --outputencoding UTF-16 --outfilename Localizable.strings --outdir /Users/larsboes/Library/Developer/Xcode/DerivedData/boringNotch-gnifydcpqlwtrbfssnsvxorvuuwt/Build/Products/Debug/boringNotch.app/Contents/Resources/zh-Hans.lproj -- /Users/larsboes/Library/Developer/Xcode/DerivedData/boringNotch-gnifydcpqlwtrbfssnsvxorvuuwt/Build/Intermediates.noindex/boringNotch.build/Debug/boringNotch.build/zh-Hans.lproj/Localizable.strings
/Users/larsboes/Library/Developer/Xcode/DerivedData/boringNotch-gnifydcpqlwtrbfssnsvxorvuuwt/Build/Intermediates.noindex/boringNotch.build/Debug/boringNotch.build/zh-Hans.lproj/Localizable.strings:1:1: note: detected encoding of input file as Unicode (UTF-8) (in target 'boringNotch' from project 'boringNotch')

CopyStringsFile /Users/larsboes/Library/Developer/Xcode/DerivedData/boringNotch-gnifydcpqlwtrbfssnsvxorvuuwt/Build/Products/Debug/boringNotch.app/Contents/Resources/ko.lproj/Localizable.strings /Users/larsboes/Library/Developer/Xcode/DerivedData/boringNotch-gnifydcpqlwtrbfssnsvxorvuuwt/Build/Intermediates.noindex/boringNotch.build/Debug/boringNotch.build/ko.lproj/Localizable.strings (in target 'boringNotch' from project 'boringNotch')
    cd /Users/larsboes/Developer/boring.notch
    builtin-copyStrings --validate --outputencoding UTF-16 --outfilename Localizable.strings --outdir /Users/larsboes/Library/Developer/Xcode/DerivedData/boringNotch-gnifydcpqlwtrbfssnsvxorvuuwt/Build/Products/Debug/boringNotch.app/Contents/Resources/ko.lproj -- /Users/larsboes/Library/Developer/Xcode/DerivedData/boringNotch-gnifydcpqlwtrbfssnsvxorvuuwt/Build/Intermediates.noindex/boringNotch.build/Debug/boringNotch.build/ko.lproj/Localizable.strings
/Users/larsboes/Library/Developer/Xcode/DerivedData/boringNotch-gnifydcpqlwtrbfssnsvxorvuuwt/Build/Intermediates.noindex/boringNotch.build/Debug/boringNotch.build/ko.lproj/Localizable.strings:1:1: note: detected encoding of input file as Unicode (UTF-8) (in target 'boringNotch' from project 'boringNotch')

CopyStringsFile /Users/larsboes/Library/Developer/Xcode/DerivedData/boringNotch-gnifydcpqlwtrbfssnsvxorvuuwt/Build/Products/Debug/boringNotch.app/Contents/Resources/it.lproj/Localizable.strings /Users/larsboes/Library/Developer/Xcode/DerivedData/boringNotch-gnifydcpqlwtrbfssnsvxorvuuwt/Build/Intermediates.noindex/boringNotch.build/Debug/boringNotch.build/it.lproj/Localizable.strings (in target 'boringNotch' from project 'boringNotch')
    cd /Users/larsboes/Developer/boring.notch
    builtin-copyStrings --validate --outputencoding UTF-16 --outfilename Localizable.strings --outdir /Users/larsboes/Library/Developer/Xcode/DerivedData/boringNotch-gnifydcpqlwtrbfssnsvxorvuuwt/Build/Products/Debug/boringNotch.app/Contents/Resources/it.lproj -- /Users/larsboes/Library/Developer/Xcode/DerivedData/boringNotch-gnifydcpqlwtrbfssnsvxorvuuwt/Build/Intermediates.noindex/boringNotch.build/Debug/boringNotch.build/it.lproj/Localizable.strings
/Users/larsboes/Library/Developer/Xcode/DerivedData/boringNotch-gnifydcpqlwtrbfssnsvxorvuuwt/Build/Intermediates.noindex/boringNotch.build/Debug/boringNotch.build/it.lproj/Localizable.strings:1:1: note: detected encoding of input file as Unicode (UTF-8) (in target 'boringNotch' from project 'boringNotch')

CopyStringsFile /Users/larsboes/Library/Developer/Xcode/DerivedData/boringNotch-gnifydcpqlwtrbfssnsvxorvuuwt/Build/Products/Debug/boringNotch.app/Contents/Resources/fr.lproj/Localizable.strings /Users/larsboes/Library/Developer/Xcode/DerivedData/boringNotch-gnifydcpqlwtrbfssnsvxorvuuwt/Build/Intermediates.noindex/boringNotch.build/Debug/boringNotch.build/fr.lproj/Localizable.strings (in target 'boringNotch' from project 'boringNotch')
    cd /Users/larsboes/Developer/boring.notch
    builtin-copyStrings --validate --outputencoding UTF-16 --outfilename Localizable.strings --outdir /Users/larsboes/Library/Developer/Xcode/DerivedData/boringNotch-gnifydcpqlwtrbfssnsvxorvuuwt/Build/Products/Debug/boringNotch.app/Contents/Resources/fr.lproj -- /Users/larsboes/Library/Developer/Xcode/DerivedData/boringNotch-gnifydcpqlwtrbfssnsvxorvuuwt/Build/Intermediates.noindex/boringNotch.build/Debug/boringNotch.build/fr.lproj/Localizable.strings
/Users/larsboes/Library/Developer/Xcode/DerivedData/boringNotch-gnifydcpqlwtrbfssnsvxorvuuwt/Build/Intermediates.noindex/boringNotch.build/Debug/boringNotch.build/fr.lproj/Localizable.strings:1:1: note: detected encoding of input file as Unicode (UTF-8) (in target 'boringNotch' from project 'boringNotch')

CopyStringsFile /Users/larsboes/Library/Developer/Xcode/DerivedData/boringNotch-gnifydcpqlwtrbfssnsvxorvuuwt/Build/Products/Debug/boringNotch.app/Contents/Resources/es.lproj/Localizable.strings /Users/larsboes/Library/Developer/Xcode/DerivedData/boringNotch-gnifydcpqlwtrbfssnsvxorvuuwt/Build/Intermediates.noindex/boringNotch.build/Debug/boringNotch.build/es.lproj/Localizable.strings (in target 'boringNotch' from project 'boringNotch')
    cd /Users/larsboes/Developer/boring.notch
    builtin-copyStrings --validate --outputencoding UTF-16 --outfilename Localizable.strings --outdir /Users/larsboes/Library/Developer/Xcode/DerivedData/boringNotch-gnifydcpqlwtrbfssnsvxorvuuwt/Build/Products/Debug/boringNotch.app/Contents/Resources/es.lproj -- /Users/larsboes/Library/Developer/Xcode/DerivedData/boringNotch-gnifydcpqlwtrbfssnsvxorvuuwt/Build/Intermediates.noindex/boringNotch.build/Debug/boringNotch.build/es.lproj/Localizable.strings
/Users/larsboes/Library/Developer/Xcode/DerivedData/boringNotch-gnifydcpqlwtrbfssnsvxorvuuwt/Build/Intermediates.noindex/boringNotch.build/Debug/boringNotch.build/es.lproj/Localizable.strings:1:1: note: detected encoding of input file as Unicode (UTF-8) (in target 'boringNotch' from project 'boringNotch')

CopyStringsFile /Users/larsboes/Library/Developer/Xcode/DerivedData/boringNotch-gnifydcpqlwtrbfssnsvxorvuuwt/Build/Products/Debug/boringNotch.app/Contents/Resources/de.lproj/Localizable.strings /Users/larsboes/Library/Developer/Xcode/DerivedData/boringNotch-gnifydcpqlwtrbfssnsvxorvuuwt/Build/Intermediates.noindex/boringNotch.build/Debug/boringNotch.build/de.lproj/Localizable.strings (in target 'boringNotch' from project 'boringNotch')
    cd /Users/larsboes/Developer/boring.notch
    builtin-copyStrings --validate --outputencoding UTF-16 --outfilename Localizable.strings --outdir /Users/larsboes/Library/Developer/Xcode/DerivedData/boringNotch-gnifydcpqlwtrbfssnsvxorvuuwt/Build/Products/Debug/boringNotch.app/Contents/Resources/de.lproj -- /Users/larsboes/Library/Developer/Xcode/DerivedData/boringNotch-gnifydcpqlwtrbfssnsvxorvuuwt/Build/Intermediates.noindex/boringNotch.build/Debug/boringNotch.build/de.lproj/Localizable.strings
/Users/larsboes/Library/Developer/Xcode/DerivedData/boringNotch-gnifydcpqlwtrbfssnsvxorvuuwt/Build/Intermediates.noindex/boringNotch.build/Debug/boringNotch.build/de.lproj/Localizable.strings:1:1: note: detected encoding of input file as Unicode (UTF-8) (in target 'boringNotch' from project 'boringNotch')

CopyStringsFile /Users/larsboes/Library/Developer/Xcode/DerivedData/boringNotch-gnifydcpqlwtrbfssnsvxorvuuwt/Build/Products/Debug/boringNotch.app/Contents/Resources/cs.lproj/Localizable.strings /Users/larsboes/Library/Developer/Xcode/DerivedData/boringNotch-gnifydcpqlwtrbfssnsvxorvuuwt/Build/Intermediates.noindex/boringNotch.build/Debug/boringNotch.build/cs.lproj/Localizable.strings (in target 'boringNotch' from project 'boringNotch')
    cd /Users/larsboes/Developer/boring.notch
    builtin-copyStrings --validate --outputencoding UTF-16 --outfilename Localizable.strings --outdir /Users/larsboes/Library/Developer/Xcode/DerivedData/boringNotch-gnifydcpqlwtrbfssnsvxorvuuwt/Build/Products/Debug/boringNotch.app/Contents/Resources/cs.lproj -- /Users/larsboes/Library/Developer/Xcode/DerivedData/boringNotch-gnifydcpqlwtrbfssnsvxorvuuwt/Build/Intermediates.noindex/boringNotch.build/Debug/boringNotch.build/cs.lproj/Localizable.strings
/Users/larsboes/Library/Developer/Xcode/DerivedData/boringNotch-gnifydcpqlwtrbfssnsvxorvuuwt/Build/Intermediates.noindex/boringNotch.build/Debug/boringNotch.build/cs.lproj/Localizable.strings:1:1: note: detected encoding of input file as Unicode (UTF-8) (in target 'boringNotch' from project 'boringNotch')

CopyStringsFile /Users/larsboes/Library/Developer/Xcode/DerivedData/boringNotch-gnifydcpqlwtrbfssnsvxorvuuwt/Build/Products/Debug/boringNotch.app/Contents/Resources/ar.lproj/Localizable.strings /Users/larsboes/Library/Developer/Xcode/DerivedData/boringNotch-gnifydcpqlwtrbfssnsvxorvuuwt/Build/Intermediates.noindex/boringNotch.build/Debug/boringNotch.build/ar.lproj/Localizable.strings (in target 'boringNotch' from project 'boringNotch')
    cd /Users/larsboes/Developer/boring.notch
    builtin-copyStrings --validate --outputencoding UTF-16 --outfilename Localizable.strings --outdir /Users/larsboes/Library/Developer/Xcode/DerivedData/boringNotch-gnifydcpqlwtrbfssnsvxorvuuwt/Build/Products/Debug/boringNotch.app/Contents/Resources/ar.lproj -- /Users/larsboes/Library/Developer/Xcode/DerivedData/boringNotch-gnifydcpqlwtrbfssnsvxorvuuwt/Build/Intermediates.noindex/boringNotch.build/Debug/boringNotch.build/ar.lproj/Localizable.strings
/Users/larsboes/Library/Developer/Xcode/DerivedData/boringNotch-gnifydcpqlwtrbfssnsvxorvuuwt/Build/Intermediates.noindex/boringNotch.build/Debug/boringNotch.build/ar.lproj/Localizable.strings:1:1: note: detected encoding of input file as Unicode (UTF-8) (in target 'boringNotch' from project 'boringNotch')

SwiftEmitModule normal arm64 Emitting\ module\ for\ boringNotch (in target 'boringNotch' from project 'boringNotch')

EmitSwiftModule normal arm64 (in target 'boringNotch' from project 'boringNotch')
    cd /Users/larsboes/Developer/boring.notch
    

SwiftCompile normal arm64 Compiling\ TeleprompterPlugin.swift,\ TeleprompterScrollEngine.swift,\ TeleprompterState.swift,\ TeleprompterClosedView.swift,\ TeleprompterExpandedView.swift,\ TeleprompterSettingsView.swift,\ APIAuthMiddleware.swift,\ APIRateLimiter.swift,\ APIResponse.swift,\ APIRouter.swift,\ APIRouteRegistrar.swift,\ HTTPRequestParser.swift,\ LocalAPIServer.swift /Users/larsboes/Developer/boring.notch/boringNotch/Plugins/BuiltIn/TeleprompterPlugin/TeleprompterPlugin.swift /Users/larsboes/Developer/boring.notch/boringNotch/Plugins/BuiltIn/TeleprompterPlugin/TeleprompterScrollEngine.swift /Users/larsboes/Developer/boring.notch/boringNotch/Plugins/BuiltIn/TeleprompterPlugin/TeleprompterState.swift /Users/larsboes/Developer/boring.notch/boringNotch/Plugins/BuiltIn/TeleprompterPlugin/Views/TeleprompterClosedView.swift /Users/larsboes/Developer/boring.notch/boringNotch/Plugins/BuiltIn/TeleprompterPlugin/Views/TeleprompterExpandedView.swift /Users/larsboes/Developer/boring.notch/boringNotch/Plugins/BuiltIn/TeleprompterPlugin/Views/TeleprompterSettingsView.swift /Users/larsboes/Developer/boring.notch/boringNotch/private/LocalAPI/APIAuthMiddleware.swift /Users/larsboes/Developer/boring.notch/boringNotch/private/LocalAPI/APIRateLimiter.swift /Users/larsboes/Developer/boring.notch/boringNotch/private/LocalAPI/APIResponse.swift /Users/larsboes/Developer/boring.notch/boringNotch/private/LocalAPI/APIRouter.swift /Users/larsboes/Developer/boring.notch/boringNotch/private/LocalAPI/APIRouteRegistrar.swift /Users/larsboes/Developer/boring.notch/boringNotch/private/LocalAPI/HTTPRequestParser.swift /Users/larsboes/Developer/boring.notch/boringNotch/private/LocalAPI/LocalAPIServer.swift (in target 'boringNotch' from project 'boringNotch')
SwiftCompile normal arm64 /Users/larsboes/Developer/boring.notch/boringNotch/Plugins/BuiltIn/TeleprompterPlugin/TeleprompterPlugin.swift (in target 'boringNotch' from project 'boringNotch')
    cd /Users/larsboes/Developer/boring.notch
    

SwiftCompile normal arm64 /Users/larsboes/Developer/boring.notch/boringNotch/Plugins/BuiltIn/TeleprompterPlugin/TeleprompterScrollEngine.swift (in target 'boringNotch' from project 'boringNotch')
    cd /Users/larsboes/Developer/boring.notch
    

SwiftCompile normal arm64 /Users/larsboes/Developer/boring.notch/boringNotch/Plugins/BuiltIn/TeleprompterPlugin/TeleprompterState.swift (in target 'boringNotch' from project 'boringNotch')
    cd /Users/larsboes/Developer/boring.notch
    

SwiftCompile normal arm64 /Users/larsboes/Developer/boring.notch/boringNotch/Plugins/BuiltIn/TeleprompterPlugin/Views/TeleprompterClosedView.swift (in target 'boringNotch' from project 'boringNotch')
    cd /Users/larsboes/Developer/boring.notch
    

SwiftCompile normal arm64 /Users/larsboes/Developer/boring.notch/boringNotch/Plugins/BuiltIn/TeleprompterPlugin/Views/TeleprompterExpandedView.swift (in target 'boringNotch' from project 'boringNotch')
    cd /Users/larsboes/Developer/boring.notch
    

SwiftCompile normal arm64 /Users/larsboes/Developer/boring.notch/boringNotch/Plugins/BuiltIn/TeleprompterPlugin/Views/TeleprompterSettingsView.swift (in target 'boringNotch' from project 'boringNotch')
    cd /Users/larsboes/Developer/boring.notch
    

SwiftCompile normal arm64 /Users/larsboes/Developer/boring.notch/boringNotch/private/LocalAPI/APIAuthMiddleware.swift (in target 'boringNotch' from project 'boringNotch')
    cd /Users/larsboes/Developer/boring.notch
    

SwiftCompile normal arm64 /Users/larsboes/Developer/boring.notch/boringNotch/private/LocalAPI/APIRateLimiter.swift (in target 'boringNotch' from project 'boringNotch')
    cd /Users/larsboes/Developer/boring.notch
    

SwiftCompile normal arm64 /Users/larsboes/Developer/boring.notch/boringNotch/private/LocalAPI/APIResponse.swift (in target 'boringNotch' from project 'boringNotch')
    cd /Users/larsboes/Developer/boring.notch
    

SwiftCompile normal arm64 /Users/larsboes/Developer/boring.notch/boringNotch/private/LocalAPI/APIRouter.swift (in target 'boringNotch' from project 'boringNotch')
    cd /Users/larsboes/Developer/boring.notch
    

SwiftCompile normal arm64 /Users/larsboes/Developer/boring.notch/boringNotch/private/LocalAPI/APIRouteRegistrar.swift (in target 'boringNotch' from project 'boringNotch')
    cd /Users/larsboes/Developer/boring.notch
    

SwiftCompile normal arm64 /Users/larsboes/Developer/boring.notch/boringNotch/private/LocalAPI/HTTPRequestParser.swift (in target 'boringNotch' from project 'boringNotch')
    cd /Users/larsboes/Developer/boring.notch
    

SwiftCompile normal arm64 /Users/larsboes/Developer/boring.notch/boringNotch/private/LocalAPI/LocalAPIServer.swift (in target 'boringNotch' from project 'boringNotch')
    cd /Users/larsboes/Developer/boring.notch
    

SwiftCompile normal arm64 Compiling\ LocalAPIServerController.swift,\ PluginAPIRoutes.swift,\ SHA1.swift,\ WebSocketClient.swift,\ KeyboardShortcutCoordinator.swift,\ NotchContentRouter.swift,\ NotchSettings.swift,\ NotchSettingsSubProtocols.swift,\ DefaultsNotchSettings.swift,\ MockNotchSettings.swift,\ NavigationState.swift,\ ScreenSelectionService.swift,\ NotchStateMachine.swift /Users/larsboes/Developer/boring.notch/boringNotch/private/LocalAPI/LocalAPIServerController.swift /Users/larsboes/Developer/boring.notch/boringNotch/private/LocalAPI/PluginAPIRoutes.swift /Users/larsboes/Developer/boring.notch/boringNotch/private/LocalAPI/SHA1.swift /Users/larsboes/Developer/boring.notch/boringNotch/private/LocalAPI/WebSocketClient.swift /Users/larsboes/Developer/boring.notch/boringNotch/Core/KeyboardShortcutCoordinator.swift /Users/larsboes/Developer/boring.notch/boringNotch/Core/NotchContentRouter.swift /Users/larsboes/Developer/boring.notch/boringNotch/Core/NotchSettings.swift /Users/larsboes/Developer/boring.notch/boringNotch/Core/NotchSettingsSubProtocols.swift /Users/larsboes/Developer/boring.notch/boringNotch/Core/DefaultsNotchSettings.swift /Users/larsboes/Developer/boring.notch/boringNotch/Core/MockNotchSettings.swift /Users/larsboes/Developer/boring.notch/boringNotch/Core/NavigationState.swift /Users/larsboes/Developer/boring.notch/boringNotch/Core/ScreenSelectionService.swift /Users/larsboes/Developer/boring.notch/boringNotch/Core/NotchStateMachine.swift (in target 'boringNotch' from project 'boringNotch')
SwiftCompile normal arm64 /Users/larsboes/Developer/boring.notch/boringNotch/private/LocalAPI/LocalAPIServerController.swift (in target 'boringNotch' from project 'boringNotch')
    cd /Users/larsboes/Developer/boring.notch
    

SwiftCompile normal arm64 /Users/larsboes/Developer/boring.notch/boringNotch/private/LocalAPI/PluginAPIRoutes.swift (in target 'boringNotch' from project 'boringNotch')
    cd /Users/larsboes/Developer/boring.notch
    

SwiftCompile normal arm64 /Users/larsboes/Developer/boring.notch/boringNotch/private/LocalAPI/SHA1.swift (in target 'boringNotch' from project 'boringNotch')
    cd /Users/larsboes/Developer/boring.notch
    

SwiftCompile normal arm64 /Users/larsboes/Developer/boring.notch/boringNotch/private/LocalAPI/WebSocketClient.swift (in target 'boringNotch' from project 'boringNotch')
    cd /Users/larsboes/Developer/boring.notch
    

SwiftCompile normal arm64 /Users/larsboes/Developer/boring.notch/boringNotch/Core/KeyboardShortcutCoordinator.swift (in target 'boringNotch' from project 'boringNotch')
    cd /Users/larsboes/Developer/boring.notch
    

SwiftCompile normal arm64 /Users/larsboes/Developer/boring.notch/boringNotch/Core/NotchContentRouter.swift (in target 'boringNotch' from project 'boringNotch')
    cd /Users/larsboes/Developer/boring.notch
    

SwiftCompile normal arm64 /Users/larsboes/Developer/boring.notch/boringNotch/Core/NotchSettings.swift (in target 'boringNotch' from project 'boringNotch')
    cd /Users/larsboes/Developer/boring.notch
    

SwiftCompile normal arm64 /Users/larsboes/Developer/boring.notch/boringNotch/Core/NotchSettingsSubProtocols.swift (in target 'boringNotch' from project 'boringNotch')
    cd /Users/larsboes/Developer/boring.notch
    

SwiftCompile normal arm64 /Users/larsboes/Developer/boring.notch/boringNotch/Core/DefaultsNotchSettings.swift (in target 'boringNotch' from project 'boringNotch')
    cd /Users/larsboes/Developer/boring.notch
    

SwiftCompile normal arm64 /Users/larsboes/Developer/boring.notch/boringNotch/Core/MockNotchSettings.swift (in target 'boringNotch' from project 'boringNotch')
    cd /Users/larsboes/Developer/boring.notch
    

SwiftCompile normal arm64 /Users/larsboes/Developer/boring.notch/boringNotch/Core/NavigationState.swift (in target 'boringNotch' from project 'boringNotch')
    cd /Users/larsboes/Developer/boring.notch
    

SwiftCompile normal arm64 /Users/larsboes/Developer/boring.notch/boringNotch/Core/ScreenSelectionService.swift (in target 'boringNotch' from project 'boringNotch')
    cd /Users/larsboes/Developer/boring.notch
    

SwiftCompile normal arm64 /Users/larsboes/Developer/boring.notch/boringNotch/Core/NotchStateMachine.swift (in target 'boringNotch' from project 'boringNotch')
    cd /Users/larsboes/Developer/boring.notch
    

SwiftCompile normal arm64 Compiling\ AppIntents.swift,\ URLSchemeHandler.swift,\ AIManager.swift,\ AIProvider.swift,\ AITextGenerationService.swift,\ NoAITextGenerationService.swift,\ OllamaProvider.swift,\ ProviderBackedAIService.swift,\ DisplayContent.swift,\ DisplaySurfacePlugin.swift,\ DisplaySurfaceState.swift,\ DisplaySurfaceClosedView.swift,\ DisplaySurfaceExpandedView.swift /Users/larsboes/Developer/boring.notch/boringNotch/Core/AppIntents.swift /Users/larsboes/Developer/boring.notch/boringNotch/Core/URLSchemeHandler.swift /Users/larsboes/Developer/boring.notch/boringNotch/Plugins/AI/AIManager.swift /Users/larsboes/Developer/boring.notch/boringNotch/Plugins/AI/AIProvider.swift /Users/larsboes/Developer/boring.notch/boringNotch/Plugins/AI/AITextGenerationService.swift /Users/larsboes/Developer/boring.notch/boringNotch/Plugins/AI/NoAITextGenerationService.swift /Users/larsboes/Developer/boring.notch/boringNotch/Plugins/AI/OllamaProvider.swift /Users/larsboes/Developer/boring.notch/boringNotch/Plugins/AI/ProviderBackedAIService.swift /Users/larsboes/Developer/boring.notch/boringNotch/Plugins/BuiltIn/DisplaySurfacePlugin/DisplayContent.swift /Users/larsboes/Developer/boring.notch/boringNotch/Plugins/BuiltIn/DisplaySurfacePlugin/DisplaySurfacePlugin.swift /Users/larsboes/Developer/boring.notch/boringNotch/Plugins/BuiltIn/DisplaySurfacePlugin/DisplaySurfaceState.swift /Users/larsboes/Developer/boring.notch/boringNotch/Plugins/BuiltIn/DisplaySurfacePlugin/Views/DisplaySurfaceClosedView.swift /Users/larsboes/Developer/boring.notch/boringNotch/Plugins/BuiltIn/DisplaySurfacePlugin/Views/DisplaySurfaceExpandedView.swift (in target 'boringNotch' from project 'boringNotch')

SwiftCompile normal arm64 /Users/larsboes/Developer/boring.notch/boringNotch/Core/AppIntents.swift (in target 'boringNotch' from project 'boringNotch')
    cd /Users/larsboes/Developer/boring.notch
    

SwiftCompile normal arm64 /Users/larsboes/Developer/boring.notch/boringNotch/Core/URLSchemeHandler.swift (in target 'boringNotch' from project 'boringNotch')
    cd /Users/larsboes/Developer/boring.notch
    

SwiftCompile normal arm64 /Users/larsboes/Developer/boring.notch/boringNotch/Plugins/AI/AIManager.swift (in target 'boringNotch' from project 'boringNotch')
    cd /Users/larsboes/Developer/boring.notch
    

SwiftCompile normal arm64 /Users/larsboes/Developer/boring.notch/boringNotch/Plugins/AI/AIProvider.swift (in target 'boringNotch' from project 'boringNotch')
    cd /Users/larsboes/Developer/boring.notch
    

SwiftCompile normal arm64 /Users/larsboes/Developer/boring.notch/boringNotch/Plugins/AI/AITextGenerationService.swift (in target 'boringNotch' from project 'boringNotch')
    cd /Users/larsboes/Developer/boring.notch
    

SwiftCompile normal arm64 /Users/larsboes/Developer/boring.notch/boringNotch/Plugins/AI/NoAITextGenerationService.swift (in target 'boringNotch' from project 'boringNotch')
    cd /Users/larsboes/Developer/boring.notch
    

SwiftCompile normal arm64 /Users/larsboes/Developer/boring.notch/boringNotch/Plugins/AI/OllamaProvider.swift (in target 'boringNotch' from project 'boringNotch')
    cd /Users/larsboes/Developer/boring.notch
    

SwiftCompile normal arm64 /Users/larsboes/Developer/boring.notch/boringNotch/Plugins/AI/ProviderBackedAIService.swift (in target 'boringNotch' from project 'boringNotch')
    cd /Users/larsboes/Developer/boring.notch
    

SwiftCompile normal arm64 /Users/larsboes/Developer/boring.notch/boringNotch/Plugins/BuiltIn/DisplaySurfacePlugin/DisplayContent.swift (in target 'boringNotch' from project 'boringNotch')
    cd /Users/larsboes/Developer/boring.notch
    

SwiftCompile normal arm64 /Users/larsboes/Developer/boring.notch/boringNotch/Plugins/BuiltIn/DisplaySurfacePlugin/DisplaySurfacePlugin.swift (in target 'boringNotch' from project 'boringNotch')
    cd /Users/larsboes/Developer/boring.notch
    
/Users/larsboes/Developer/boring.notch/boringNotch/Plugins/BuiltIn/DisplaySurfacePlugin/DisplaySurfacePlugin.swift:31:39: warning: reference to captured var 'self' in concurrently-executing code; this is an error in the Swift 6 language mode
                await MainActor.run { self?.displayState.setContent(.text(req.text), ttl: req.ttl) }
                                      ^
/Users/larsboes/Developer/boring.notch/boringNotch/Plugins/BuiltIn/DisplaySurfacePlugin/DisplaySurfacePlugin.swift:46:39: warning: reference to captured var 'self' in concurrently-executing code; this is an error in the Swift 6 language mode
                await MainActor.run { self?.displayState.setContent(.progress(label: req.label, value: req.value), ttl: req.ttl) }
                                      ^
/Users/larsboes/Developer/boring.notch/boringNotch/Plugins/BuiltIn/DisplaySurfacePlugin/DisplaySurfacePlugin.swift:54:35: warning: reference to captured var 'self' in concurrently-executing code; this is an error in the Swift 6 language mode
            await MainActor.run { self?.displayState.setContent(.clear) }
                                  ^

SwiftCompile normal arm64 /Users/larsboes/Developer/boring.notch/boringNotch/Plugins/BuiltIn/DisplaySurfacePlugin/DisplaySurfaceState.swift (in target 'boringNotch' from project 'boringNotch')
    cd /Users/larsboes/Developer/boring.notch
    

SwiftCompile normal arm64 /Users/larsboes/Developer/boring.notch/boringNotch/Plugins/BuiltIn/DisplaySurfacePlugin/Views/DisplaySurfaceClosedView.swift (in target 'boringNotch' from project 'boringNotch')
    cd /Users/larsboes/Developer/boring.notch
    

SwiftCompile normal arm64 /Users/larsboes/Developer/boring.notch/boringNotch/Plugins/BuiltIn/DisplaySurfacePlugin/Views/DisplaySurfaceExpandedView.swift (in target 'boringNotch' from project 'boringNotch')
    cd /Users/larsboes/Developer/boring.notch
    

SwiftCompile normal arm64 Compiling\ WindowCoordinator.swift,\ MusicVisualizer.swift,\ BoringViewCoordinator.swift,\ BoringViewModel+OpenClose.swift,\ DefaultsKeys.swift,\ BoringNotchSkyLightWindow.swift,\ NowPlayingController.swift,\ Color+AccentColor.swift,\ VolumeManager.swift,\ ContentRevealModifier.swift,\ drop.swift,\ ShelfItemViewModel.swift,\ SpotifyController.swift /Users/larsboes/Developer/boring.notch/boringNotch/Core/WindowCoordinator.swift /Users/larsboes/Developer/boring.notch/boringNotch/components/Music/MusicVisualizer.swift /Users/larsboes/Developer/boring.notch/boringNotch/BoringViewCoordinator.swift /Users/larsboes/Developer/boring.notch/boringNotch/models/BoringViewModel+OpenClose.swift /Users/larsboes/Developer/boring.notch/boringNotch/models/DefaultsKeys.swift /Users/larsboes/Developer/boring.notch/boringNotch/components/Notch/BoringNotchSkyLightWindow.swift /Users/larsboes/Developer/boring.notch/boringNotch/MediaControllers/NowPlayingController.swift /Users/larsboes/Developer/boring.notch/boringNotch/extensions/Color+AccentColor.swift /Users/larsboes/Developer/boring.notch/boringNotch/managers/VolumeManager.swift /Users/larsboes/Developer/boring.notch/boringNotch/animations/ContentRevealModifier.swift /Users/larsboes/Developer/boring.notch/boringNotch/animations/drop.swift /Users/larsboes/Developer/boring.notch/boringNotch/components/Shelf/ViewModels/ShelfItemViewModel.swift /Users/larsboes/Developer/boring.notch/boringNotch/MediaControllers/SpotifyController.swift (in target 'boringNotch' from project 'boringNotch')
SwiftCompile normal arm64 /Users/larsboes/Developer/boring.notch/boringNotch/Core/WindowCoordinator.swift (in target 'boringNotch' from project 'boringNotch')
    cd /Users/larsboes/Developer/boring.notch
    

SwiftCompile normal arm64 /Users/larsboes/Developer/boring.notch/boringNotch/components/Music/MusicVisualizer.swift (in target 'boringNotch' from project 'boringNotch')
    cd /Users/larsboes/Developer/boring.notch
    

SwiftCompile normal arm64 /Users/larsboes/Developer/boring.notch/boringNotch/BoringViewCoordinator.swift (in target 'boringNotch' from project 'boringNotch')
    cd /Users/larsboes/Developer/boring.notch
    

SwiftCompile normal arm64 /Users/larsboes/Developer/boring.notch/boringNotch/models/BoringViewModel+OpenClose.swift (in target 'boringNotch' from project 'boringNotch')
    cd /Users/larsboes/Developer/boring.notch
    

SwiftCompile normal arm64 /Users/larsboes/Developer/boring.notch/boringNotch/models/DefaultsKeys.swift (in target 'boringNotch' from project 'boringNotch')
    cd /Users/larsboes/Developer/boring.notch
    

SwiftCompile normal arm64 /Users/larsboes/Developer/boring.notch/boringNotch/components/Notch/BoringNotchSkyLightWindow.swift (in target 'boringNotch' from project 'boringNotch')
    cd /Users/larsboes/Developer/boring.notch
    

SwiftCompile normal arm64 /Users/larsboes/Developer/boring.notch/boringNotch/MediaControllers/NowPlayingController.swift (in target 'boringNotch' from project 'boringNotch')
    cd /Users/larsboes/Developer/boring.notch
    

SwiftCompile normal arm64 /Users/larsboes/Developer/boring.notch/boringNotch/extensions/Color+AccentColor.swift (in target 'boringNotch' from project 'boringNotch')
    cd /Users/larsboes/Developer/boring.notch
    

SwiftCompile normal arm64 /Users/larsboes/Developer/boring.notch/boringNotch/managers/VolumeManager.swift (in target 'boringNotch' from project 'boringNotch')
    cd /Users/larsboes/Developer/boring.notch
    

SwiftCompile normal arm64 /Users/larsboes/Developer/boring.notch/boringNotch/animations/ContentRevealModifier.swift (in target 'boringNotch' from project 'boringNotch')
    cd /Users/larsboes/Developer/boring.notch
    

SwiftCompile normal arm64 /Users/larsboes/Developer/boring.notch/boringNotch/animations/drop.swift (in target 'boringNotch' from project 'boringNotch')
    cd /Users/larsboes/Developer/boring.notch
    

SwiftCompile normal arm64 /Users/larsboes/Developer/boring.notch/boringNotch/components/Shelf/ViewModels/ShelfItemViewModel.swift (in target 'boringNotch' from project 'boringNotch')
    cd /Users/larsboes/Developer/boring.notch
    

SwiftCompile normal arm64 /Users/larsboes/Developer/boring.notch/boringNotch/MediaControllers/SpotifyController.swift (in target 'boringNotch' from project 'boringNotch')
    cd /Users/larsboes/Developer/boring.notch
    

SwiftCompile normal arm64 Compiling\ NotchHoverController.swift,\ NotchSizeCalculator.swift,\ NotchObserverSetup.swift,\ PluginMusicControlsView.swift,\ HabitClosedView.swift,\ HabitExpandedView.swift,\ HabitModels.swift,\ HabitSettingsView.swift,\ HabitStore.swift,\ HabitTrackerPlugin.swift,\ PomodoroClosedView.swift,\ PomodoroExpandedView.swift /Users/larsboes/Developer/boring.notch/boringNotch/models/NotchHoverController.swift /Users/larsboes/Developer/boring.notch/boringNotch/models/NotchSizeCalculator.swift /Users/larsboes/Developer/boring.notch/boringNotch/models/NotchObserverSetup.swift /Users/larsboes/Developer/boring.notch/boringNotch/Plugins/BuiltIn/MusicPlugin/Views/PluginMusicControlsView.swift /Users/larsboes/Developer/boring.notch/boringNotch/Plugins/BuiltIn/HabitTrackerPlugin/HabitClosedView.swift /Users/larsboes/Developer/boring.notch/boringNotch/Plugins/BuiltIn/HabitTrackerPlugin/HabitExpandedView.swift /Users/larsboes/Developer/boring.notch/boringNotch/Plugins/BuiltIn/HabitTrackerPlugin/HabitModels.swift /Users/larsboes/Developer/boring.notch/boringNotch/Plugins/BuiltIn/HabitTrackerPlugin/HabitSettingsView.swift /Users/larsboes/Developer/boring.notch/boringNotch/Plugins/BuiltIn/HabitTrackerPlugin/HabitStore.swift /Users/larsboes/Developer/boring.notch/boringNotch/Plugins/BuiltIn/HabitTrackerPlugin/HabitTrackerPlugin.swift /Users/larsboes/Developer/boring.notch/boringNotch/Plugins/BuiltIn/PomodoroPlugin/PomodoroClosedView.swift /Users/larsboes/Developer/boring.notch/boringNotch/Plugins/BuiltIn/PomodoroPlugin/PomodoroExpandedView.swift (in target 'boringNotch' from project 'boringNotch')
Failed frontend command:
/Applications/Xcode.app/Contents/Developer/Toolchains/XcodeDefault.xctoolchain/usr/bin/swift-frontend -frontend -c -filelist /Users/larsboes/Library/Developer/Xcode/DerivedData/boringNotch-gnifydcpqlwtrbfssnsvxorvuuwt/Build/Intermediates.noindex/boringNotch.build/Debug/boringNotch.build/Objects-normal/arm64/sources-1 -primary-file /Users/larsboes/Developer/boring.notch/boringNotch/models/NotchHoverController.swift -primary-file /Users/larsboes/Developer/boring.notch/boringNotch/models/NotchSizeCalculator.swift -primary-file /Users/larsboes/Developer/boring.notch/boringNotch/models/NotchObserverSetup.swift -primary-file /Users/larsboes/Developer/boring.notch/boringNotch/Plugins/BuiltIn/MusicPlugin/Views/PluginMusicControlsView.swift -primary-file /Users/larsboes/Developer/boring.notch/boringNotch/Plugins/BuiltIn/HabitTrackerPlugin/HabitClosedView.swift -primary-file /Users/larsboes/Developer/boring.notch/boringNotch/Plugins/BuiltIn/HabitTrackerPlugin/HabitExpandedView.swift -primary-file /Users/larsboes/Developer/boring.notch/boringNotch/Plugins/BuiltIn/HabitTrackerPlugin/HabitModels.swift -primary-file /Users/larsboes/Developer/boring.notch/boringNotch/Plugins/BuiltIn/HabitTrackerPlugin/HabitSettingsView.swift -primary-file /Users/larsboes/Developer/boring.notch/boringNotch/Plugins/BuiltIn/HabitTrackerPlugin/HabitStore.swift -primary-file /Users/larsboes/Developer/boring.notch/boringNotch/Plugins/BuiltIn/HabitTrackerPlugin/HabitTrackerPlugin.swift -primary-file /Users/larsboes/Developer/boring.notch/boringNotch/Plugins/BuiltIn/PomodoroPlugin/PomodoroClosedView.swift -primary-file /Users/larsboes/Developer/boring.notch/boringNotch/Plugins/BuiltIn/PomodoroPlugin/PomodoroExpandedView.swift -supplementary-output-file-map /Users/larsboes/Library/Developer/Xcode/DerivedData/boringNotch-gnifydcpqlwtrbfssnsvxorvuuwt/Build/Intermediates.noindex/boringNotch.build/Debug/boringNotch.build/Objects-normal/arm64/supplementaryOutputs-10 -emit-localized-strings -emit-localized-strings-path /Users/larsboes/Library/Developer/Xcode/DerivedData/boringNotch-gnifydcpqlwtrbfssnsvxorvuuwt/Build/Intermediates.noindex/boringNotch.build/Debug/boringNotch.build/Objects-normal/arm64 -target arm64-apple-macos26.0 -module-can-import-version AppKit 2685.30.107 2685.30.107 -module-can-import-version DeveloperToolsSupport 23.0.4 23.0.4 -module-can-import-version SwiftUI 7.2.5.1 7.2.5 -disable-cross-import-overlay-search -swift-module-cross-import AppIntents /Applications/Xcode.app/Contents/Developer/Platforms/MacOSX.platform/Developer/SDKs/MacOSX.sdk/System/Library/Frameworks/AppIntents.framework/Modules/AppIntents.swiftcrossimport/AppKit.swiftoverlay -swift-module-cross-import AppIntents /Applications/Xcode.app/Contents/Developer/Platforms/MacOSX.platform/Developer/SDKs/MacOSX.sdk/System/Library/Frameworks/AppIntents.framework/Modules/AppIntents.swiftcrossimport/SwiftUI.swiftoverlay -swift-module-cross-import AppIntents /Applications/Xcode.app/Contents/Developer/Platforms/MacOSX.platform/Developer/SDKs/MacOSX.sdk/System/Library/Frameworks/AppIntents.framework/Modules/AppIntents.swiftcrossimport/UIKit.swiftoverlay -swift-module-cross-import AppIntents /Applications/Xcode.app/Contents/Developer/Platforms/MacOSX.platform/Developer/SDKs/MacOSX26.2.sdk/System/Library/Frameworks/AppIntents.framework/Modules/AppIntents.swiftcrossimport/AppKit.swiftoverlay -swift-module-cross-import AppIntents /Applications/Xcode.app/Contents/Developer/Platforms/MacOSX.platform/Developer/SDKs/MacOSX26.2.sdk/System/Library/Frameworks/AppIntents.framework/Modules/AppIntents.swiftcrossimport/SwiftUI.swiftoverlay -swift-module-cross-import AppIntents /Applications/Xcode.app/Contents/Developer/Platforms/MacOSX.platform/Developer/SDKs/MacOSX26.2.sdk/System/Library/Frameworks/AppIntents.framework/Modules/AppIntents.swiftcrossimport/UIKit.swiftoverlay -swift-module-cross-import QuickLook /Applications/Xcode.app/Contents/Developer/Platforms/MacOSX.platform/Developer/SDKs/MacOSX.sdk/System/Library/Frameworks/QuickLook.framework/Modules/QuickLook.swiftcrossimport/SwiftUI.swiftoverlay -load-resolved-plugin /Applications/Xcode.app/Contents/Developer/Platforms/MacOSX.platform/Developer/usr/lib/swift/host/plugins/libAppIntentsMacros.dylib\#/Applications/Xcode.app/Contents/Developer/Platforms/MacOSX.platform/Developer/usr/bin/swift-plugin-server\#AppIntentsMacros -load-resolved-plugin /Applications/Xcode.app/Contents/Developer/Platforms/MacOSX.platform/Developer/usr/lib/swift/host/plugins/libFoundationMacros.dylib\#/Applications/Xcode.app/Contents/Developer/Platforms/MacOSX.platform/Developer/usr/bin/swift-plugin-server\#FoundationMacros -load-resolved-plugin /Applications/Xcode.app/Contents/Developer/Platforms/MacOSX.platform/Developer/usr/lib/swift/host/plugins/libObservationMacros.dylib\#/Applications/Xcode.app/Contents/Developer/Platforms/MacOSX.platform/Developer/usr/bin/swift-plugin-server\#ObservationMacros -load-resolved-plugin /Applications/Xcode.app/Contents/Developer/Platforms/MacOSX.platform/Developer/usr/lib/swift/host/plugins/libPreviewsMacros.dylib\#/Applications/Xcode.app/Contents/Developer/Platforms/MacOSX.platform/Developer/usr/bin/swift-plugin-server\#PreviewsMacros -load-resolved-plugin /Applications/Xcode.app/Contents/Developer/Platforms/MacOSX.platform/Developer/usr/lib/swift/host/plugins/libSwiftMacros.dylib\#/Applications/Xcode.app/Contents/Developer/Platforms/MacOSX.platform/Developer/usr/bin/swift-plugin-server\#SwiftMacros -load-resolved-plugin /Applications/Xcode.app/Contents/Developer/Platforms/MacOSX.platform/Developer/usr/lib/swift/host/plugins/libSwiftUIMacros.dylib\#/Applications/Xcode.app/Contents/Developer/Platforms/MacOSX.platform/Developer/usr/bin/swift-plugin-server\#SwiftUIMacros -load-resolved-plugin /Applications/Xcode.app/Contents/Developer/Platforms/MacOSX.platform/Developer/usr/lib/swift/host/plugins/libTipKitMacros.dylib\#/Applications/Xcode.app/Contents/Developer/Platforms/MacOSX.platform/Developer/usr/bin/swift-plugin-server\#TipKitMacros -disable-implicit-swift-modules -Xcc -fno-implicit-modules -Xcc -fno-implicit-module-maps -explicit-swift-module-map-file /Users/larsboes/Library/Developer/Xcode/DerivedData/boringNotch-gnifydcpqlwtrbfssnsvxorvuuwt/Build/Intermediates.noindex/boringNotch.build/Debug/boringNotch.build/Objects-normal/arm64/boringNotch-dependencies-1.json -Xllvm -aarch64-use-tbi -enable-objc-interop -stack-check -sdk /Applications/Xcode.app/Contents/Developer/Platforms/MacOSX.platform/Developer/SDKs/MacOSX26.2.sdk -I /Users/larsboes/Library/Developer/Xcode/DerivedData/boringNotch-gnifydcpqlwtrbfssnsvxorvuuwt/Build/Products/Debug -F /Users/larsboes/Library/Developer/Xcode/DerivedData/boringNotch-gnifydcpqlwtrbfssnsvxorvuuwt/Build/Products/Debug/PackageFrameworks -F /Users/larsboes/Library/Developer/Xcode/DerivedData/boringNotch-gnifydcpqlwtrbfssnsvxorvuuwt/Build/Products/Debug/PackageFrameworks -F /Users/larsboes/Library/Developer/Xcode/DerivedData/boringNotch-gnifydcpqlwtrbfssnsvxorvuuwt/Build/Products/Debug/PackageFrameworks -F /Users/larsboes/Library/Developer/Xcode/DerivedData/boringNotch-gnifydcpqlwtrbfssnsvxorvuuwt/Build/Products/Debug/PackageFrameworks -F /Users/larsboes/Library/Developer/Xcode/DerivedData/boringNotch-gnifydcpqlwtrbfssnsvxorvuuwt/Build/Products/Debug/PackageFrameworks -F /Users/larsboes/Library/Developer/Xcode/DerivedData/boringNotch-gnifydcpqlwtrbfssnsvxorvuuwt/Build/Products/Debug/PackageFrameworks -F /Users/larsboes/Library/Developer/Xcode/DerivedData/boringNotch-gnifydcpqlwtrbfssnsvxorvuuwt/Build/Products/Debug/PackageFrameworks -F /Users/larsboes/Library/Developer/Xcode/DerivedData/boringNotch-gnifydcpqlwtrbfssnsvxorvuuwt/Build/Products/Debug/PackageFrameworks -F /Users/larsboes/Library/Developer/Xcode/DerivedData/boringNotch-gnifydcpqlwtrbfssnsvxorvuuwt/Build/Products/Debug/PackageFrameworks -F /Users/larsboes/Library/Developer/Xcode/DerivedData/boringNotch-gnifydcpqlwtrbfssnsvxorvuuwt/Build/Products/Debug/PackageFrameworks -F /Users/larsboes/Library/Developer/Xcode/DerivedData/boringNotch-gnifydcpqlwtrbfssnsvxorvuuwt/Build/Products/Debug/PackageFrameworks -F /Users/larsboes/Library/Developer/Xcode/DerivedData/boringNotch-gnifydcpqlwtrbfssnsvxorvuuwt/Build/Products/Debug/PackageFrameworks -F /Users/larsboes/Library/Developer/Xcode/DerivedData/boringNotch-gnifydcpqlwtrbfssnsvxorvuuwt/Build/Products/Debug/PackageFrameworks -F /Users/larsboes/Library/Developer/Xcode/DerivedData/boringNotch-gnifydcpqlwtrbfssnsvxorvuuwt/Build/Products/Debug/PackageFrameworks -F /Users/larsboes/Library/Developer/Xcode/DerivedData/boringNotch-gnifydcpqlwtrbfssnsvxorvuuwt/Build/Products/Debug/PackageFrameworks -F /Users/larsboes/Library/Developer/Xcode/DerivedData/boringNotch-gnifydcpqlwtrbfssnsvxorvuuwt/Build/Products/Debug/PackageFrameworks -F /Users/larsboes/Library/Developer/Xcode/DerivedData/boringNotch-gnifydcpqlwtrbfssnsvxorvuuwt/Build/Products/Debug/PackageFrameworks -F /Users/larsboes/Library/Developer/Xcode/DerivedData/boringNotch-gnifydcpqlwtrbfssnsvxorvuuwt/Build/Products/Debug -F /Users/larsboes/Developer/boring.notch/mediaremote-adapter -F /Applications/Xcode.app/Contents/Developer/Platforms/MacOSX.platform/Developer/SDKs/MacOSX26.2.sdk/System/Library/PrivateFrameworks -no-color-diagnostics -Xcc -fno-color-diagnostics -enable-testing -g -debug-info-format\=dwarf -dwarf-version\=5 -module-cache-path /Users/larsboes/Library/Developer/Xcode/DerivedData/boringNotch-gnifydcpqlwtrbfssnsvxorvuuwt/Build/Intermediates.noindex/SwiftExplicitPrecompiledModules -swift-version 5 -enforce-exclusivity\=checked -Onone -D DEBUG -serialize-debugging-options -const-gather-protocols-file /Users/larsboes/Library/Developer/Xcode/DerivedData/boringNotch-gnifydcpqlwtrbfssnsvxorvuuwt/Build/Intermediates.noindex/boringNotch.build/Debug/boringNotch.build/Objects-normal/arm64/boringNotch_const_extract_protocols.json -enable-experimental-feature DebugDescriptionMacro -enable-bare-slash-regex -strict-concurrency\=targeted -empty-abi-descriptor -validate-clang-modules-once -clang-build-session-file /Users/larsboes/Library/Developer/Xcode/DerivedData/ModuleCache.noindex/Session.modulevalidation -Xcc -working-directory -Xcc /Users/larsboes/Developer/boring.notch -enable-anonymous-context-mangled-names -file-compilation-dir /Users/larsboes/Developer/boring.notch -Xcc -D_LIBCPP_HARDENING_MODE\=_LIBCPP_HARDENING_MODE_DEBUG -Xcc -ivfsstatcache -Xcc /Users/larsboes/Library/Developer/Xcode/DerivedData/SDKStatCaches.noindex/macosx26.2-25C58-00fa09913b459cbbc988d1f6730289ae.sdkstatcache -Xcc -I/Users/larsboes/Library/Developer/Xcode/DerivedData/boringNotch-gnifydcpqlwtrbfssnsvxorvuuwt/Build/Intermediates.noindex/boringNotch.build/Debug/boringNotch.build/swift-overrides.hmap -Xcc -iquote -Xcc /Users/larsboes/Library/Developer/Xcode/DerivedData/boringNotch-gnifydcpqlwtrbfssnsvxorvuuwt/Build/Intermediates.noindex/boringNotch.build/Debug/boringNotch.build/boringNotch-generated-files.hmap -Xcc -I/Users/larsboes/Library/Developer/Xcode/DerivedData/boringNotch-gnifydcpqlwtrbfssnsvxorvuuwt/Build/Intermediates.noindex/boringNotch.build/Debug/boringNotch.build/boringNotch-own-target-headers.hmap -Xcc -I/Users/larsboes/Library/Developer/Xcode/DerivedData/boringNotch-gnifydcpqlwtrbfssnsvxorvuuwt/Build/Intermediates.noindex/boringNotch.build/Debug/boringNotch.build/boringNotch-all-non-framework-target-headers.hmap -Xcc -ivfsoverlay -Xcc /Users/larsboes/Library/Developer/Xcode/DerivedData/boringNotch-gnifydcpqlwtrbfssnsvxorvuuwt/Build/Intermediates.noindex/boringNotch.build/Debug/boringNotch-24fad2970be8908e3b8516a50e73f4fd-VFS/all-product-headers.yaml -Xcc -iquote -Xcc /Users/larsboes/Library/Developer/Xcode/DerivedData/boringNotch-gnifydcpqlwtrbfssnsvxorvuuwt/Build/Intermediates.noindex/boringNotch.build/Debug/boringNotch.build/boringNotch-project-headers.hmap -Xcc -I/Users/larsboes/Library/Developer/Xcode/DerivedData/boringNotch-gnifydcpqlwtrbfssnsvxorvuuwt/Build/Products/Debug/include -Xcc -I/Users/larsboes/Library/Developer/Xcode/DerivedData/boringNotch-gnifydcpqlwtrbfssnsvxorvuuwt/Build/Intermediates.noindex/boringNotch.build/Debug/boringNotch.build/DerivedSources-normal/arm64 -Xcc -I/Users/larsboes/Library/Developer/Xcode/DerivedData/boringNotch-gnifydcpqlwtrbfssnsvxorvuuwt/Build/Intermediates.noindex/boringNotch.build/Debug/boringNotch.build/DerivedSources/arm64 -Xcc -I/Users/larsboes/Library/Developer/Xcode/DerivedData/boringNotch-gnifydcpqlwtrbfssnsvxorvuuwt/Build/Intermediates.noindex/boringNotch.build/Debug/boringNotch.build/DerivedSources -Xcc -DDEBUG\=1 -no-auto-bridging-header-chaining -module-name boringNotch -frontend-parseable-output -disable-clang-spi -target-sdk-version 26.2 -target-sdk-name macosx26.2 -clang-target arm64-apple-macos26.2 -in-process-plugin-server-path /Applications/Xcode.app/Contents/Developer/Toolchains/XcodeDefault.xctoolchain/usr/lib/swift/host/libSwiftInProcPluginServer.dylib -o /Users/larsboes/Library/Developer/Xcode/DerivedData/boringNotch-gnifydcpqlwtrbfssnsvxorvuuwt/Build/Intermediates.noindex/boringNotch.build/Debug/boringNotch.build/Objects-normal/arm64/NotchHoverController.o -o /Users/larsboes/Library/Developer/Xcode/DerivedData/boringNotch-gnifydcpqlwtrbfssnsvxorvuuwt/Build/Intermediates.noindex/boringNotch.build/Debug/boringNotch.build/Objects-normal/arm64/NotchSizeCalculator.o -o /Users/larsboes/Library/Developer/Xcode/DerivedData/boringNotch-gnifydcpqlwtrbfssnsvxorvuuwt/Build/Intermediates.noindex/boringNotch.build/Debug/boringNotch.build/Objects-normal/arm64/NotchObserverSetup.o -o /Users/larsboes/Library/Developer/Xcode/DerivedData/boringNotch-gnifydcpqlwtrbfssnsvxorvuuwt/Build/Intermediates.noindex/boringNotch.build/Debug/boringNotch.build/Objects-normal/arm64/PluginMusicControlsView.o -o /Users/larsboes/Library/Developer/Xcode/DerivedData/boringNotch-gnifydcpqlwtrbfssnsvxorvuuwt/Build/Intermediates.noindex/boringNotch.build/Debug/boringNotch.build/Objects-normal/arm64/HabitClosedView.o -o /Users/larsboes/Library/Developer/Xcode/DerivedData/boringNotch-gnifydcpqlwtrbfssnsvxorvuuwt/Build/Intermediates.noindex/boringNotch.build/Debug/boringNotch.build/Objects-normal/arm64/HabitExpandedView.o -o /Users/larsboes/Library/Developer/Xcode/DerivedData/boringNotch-gnifydcpqlwtrbfssnsvxorvuuwt/Build/Intermediates.noindex/boringNotch.build/Debug/boringNotch.build/Objects-normal/arm64/HabitModels.o -o /Users/larsboes/Library/Developer/Xcode/DerivedData/boringNotch-gnifydcpqlwtrbfssnsvxorvuuwt/Build/Intermediates.noindex/boringNotch.build/Debug/boringNotch.build/Objects-normal/arm64/HabitSettingsView.o -o /Users/larsboes/Library/Developer/Xcode/DerivedData/boringNotch-gnifydcpqlwtrbfssnsvxorvuuwt/Build/Intermediates.noindex/boringNotch.build/Debug/boringNotch.build/Objects-normal/arm64/HabitStore.o -o /Users/larsboes/Library/Developer/Xcode/DerivedData/boringNotch-gnifydcpqlwtrbfssnsvxorvuuwt/Build/Intermediates.noindex/boringNotch.build/Debug/boringNotch.build/Objects-normal/arm64/HabitTrackerPlugin.o -o /Users/larsboes/Library/Developer/Xcode/DerivedData/boringNotch-gnifydcpqlwtrbfssnsvxorvuuwt/Build/Intermediates.noindex/boringNotch.build/Debug/boringNotch.build/Objects-normal/arm64/PomodoroClosedView.o -o /Users/larsboes/Library/Developer/Xcode/DerivedData/boringNotch-gnifydcpqlwtrbfssnsvxorvuuwt/Build/Intermediates.noindex/boringNotch.build/Debug/boringNotch.build/Objects-normal/arm64/PomodoroExpandedView.o -index-unit-output-path /boringNotch.build/Debug/boringNotch.build/Objects-normal/arm64/NotchHoverController.o -index-unit-output-path /boringNotch.build/Debug/boringNotch.build/Objects-normal/arm64/NotchSizeCalculator.o -index-unit-output-path /boringNotch.build/Debug/boringNotch.build/Objects-normal/arm64/NotchObserverSetup.o -index-unit-output-path /boringNotch.build/Debug/boringNotch.build/Objects-normal/arm64/PluginMusicControlsView.o -index-unit-output-path /boringNotch.build/Debug/boringNotch.build/Objects-normal/arm64/HabitClosedView.o -index-unit-output-path /boringNotch.build/Debug/boringNotch.build/Objects-normal/arm64/HabitExpandedView.o -index-unit-output-path /boringNotch.build/Debug/boringNotch.build/Objects-normal/arm64/HabitModels.o -index-unit-output-path /boringNotch.build/Debug/boringNotch.build/Objects-normal/arm64/HabitSettingsView.o -index-unit-output-path /boringNotch.build/Debug/boringNotch.build/Objects-normal/arm64/HabitStore.o -index-unit-output-path /boringNotch.build/Debug/boringNotch.build/Objects-normal/arm64/HabitTrackerPlugin.o -index-unit-output-path /boringNotch.build/Debug/boringNotch.build/Objects-normal/arm64/PomodoroClosedView.o -index-unit-output-path /boringNotch.build/Debug/boringNotch.build/Objects-normal/arm64/PomodoroExpandedView.o -index-store-path /Users/larsboes/Library/Developer/Xcode/DerivedData/boringNotch-gnifydcpqlwtrbfssnsvxorvuuwt/Index.noindex/DataStore -index-system-modules

SwiftCompile normal arm64 /Users/larsboes/Developer/boring.notch/boringNotch/models/NotchHoverController.swift (in target 'boringNotch' from project 'boringNotch')
    cd /Users/larsboes/Developer/boring.notch
    

SwiftCompile normal arm64 /Users/larsboes/Developer/boring.notch/boringNotch/models/NotchSizeCalculator.swift (in target 'boringNotch' from project 'boringNotch')
    cd /Users/larsboes/Developer/boring.notch
    

SwiftCompile normal arm64 /Users/larsboes/Developer/boring.notch/boringNotch/models/NotchObserverSetup.swift (in target 'boringNotch' from project 'boringNotch')
    cd /Users/larsboes/Developer/boring.notch
    

SwiftCompile normal arm64 /Users/larsboes/Developer/boring.notch/boringNotch/Plugins/BuiltIn/MusicPlugin/Views/PluginMusicControlsView.swift (in target 'boringNotch' from project 'boringNotch')
    cd /Users/larsboes/Developer/boring.notch
    
/Users/larsboes/Developer/boring.notch/boringNotch/Plugins/BuiltIn/MusicPlugin/Views/PluginMusicControlsView.swift:102:27: error: type 'TimelineSchedule' has no member 'never'
            TimelineView(.never) { timeline in
                         ~^~~~~
/Users/larsboes/Developer/boring.notch/boringNotch/Plugins/BuiltIn/MusicPlugin/Views/PluginMusicControlsView.swift:184:27: error: type 'TimelineSchedule' has no member 'never'
            TimelineView(.never) { timeline in
                         ~^~~~~

SwiftCompile normal arm64 /Users/larsboes/Developer/boring.notch/boringNotch/Plugins/BuiltIn/HabitTrackerPlugin/HabitClosedView.swift (in target 'boringNotch' from project 'boringNotch')
    cd /Users/larsboes/Developer/boring.notch
    

SwiftCompile normal arm64 /Users/larsboes/Developer/boring.notch/boringNotch/Plugins/BuiltIn/HabitTrackerPlugin/HabitExpandedView.swift (in target 'boringNotch' from project 'boringNotch')
    cd /Users/larsboes/Developer/boring.notch
    

SwiftCompile normal arm64 /Users/larsboes/Developer/boring.notch/boringNotch/Plugins/BuiltIn/HabitTrackerPlugin/HabitModels.swift (in target 'boringNotch' from project 'boringNotch')
    cd /Users/larsboes/Developer/boring.notch
    

SwiftCompile normal arm64 /Users/larsboes/Developer/boring.notch/boringNotch/Plugins/BuiltIn/HabitTrackerPlugin/HabitSettingsView.swift (in target 'boringNotch' from project 'boringNotch')
    cd /Users/larsboes/Developer/boring.notch
    

SwiftCompile normal arm64 /Users/larsboes/Developer/boring.notch/boringNotch/Plugins/BuiltIn/HabitTrackerPlugin/HabitStore.swift (in target 'boringNotch' from project 'boringNotch')
    cd /Users/larsboes/Developer/boring.notch
    

SwiftCompile normal arm64 /Users/larsboes/Developer/boring.notch/boringNotch/Plugins/BuiltIn/HabitTrackerPlugin/HabitTrackerPlugin.swift (in target 'boringNotch' from project 'boringNotch')
    cd /Users/larsboes/Developer/boring.notch
    

SwiftCompile normal arm64 /Users/larsboes/Developer/boring.notch/boringNotch/Plugins/BuiltIn/PomodoroPlugin/PomodoroClosedView.swift (in target 'boringNotch' from project 'boringNotch')
    cd /Users/larsboes/Developer/boring.notch
    

SwiftCompile normal arm64 /Users/larsboes/Developer/boring.notch/boringNotch/Plugins/BuiltIn/PomodoroPlugin/PomodoroExpandedView.swift (in target 'boringNotch' from project 'boringNotch')
    cd /Users/larsboes/Developer/boring.notch
    

SwiftCompile normal arm64 Compiling\ ShortcutsSettingsView.swift,\ GeneralSettingsView.swift,\ ShelfSettingsView.swift,\ AppearanceSettingsView.swift,\ BatterySettingsView.swift,\ AdvancedSettingsView.swift,\ CalendarSettingsView.swift,\ HUDSettingsView.swift,\ MediaSettingsView.swift,\ WeatherSettingsView.swift,\ NotificationsSettingsView.swift,\ BluetoothSettingsView.swift,\ BoringHeader.swift /Users/larsboes/Developer/boring.notch/boringNotch/components/Settings/Views/ShortcutsSettingsView.swift /Users/larsboes/Developer/boring.notch/boringNotch/components/Settings/Views/GeneralSettingsView.swift /Users/larsboes/Developer/boring.notch/boringNotch/components/Settings/Views/ShelfSettingsView.swift /Users/larsboes/Developer/boring.notch/boringNotch/components/Settings/Views/AppearanceSettingsView.swift /Users/larsboes/Developer/boring.notch/boringNotch/components/Settings/Views/BatterySettingsView.swift /Users/larsboes/Developer/boring.notch/boringNotch/components/Settings/Views/AdvancedSettingsView.swift /Users/larsboes/Developer/boring.notch/boringNotch/components/Settings/Views/CalendarSettingsView.swift /Users/larsboes/Developer/boring.notch/boringNotch/components/Settings/Views/HUDSettingsView.swift /Users/larsboes/Developer/boring.notch/boringNotch/components/Settings/Views/MediaSettingsView.swift /Users/larsboes/Developer/boring.notch/boringNotch/components/Settings/Views/WeatherSettingsView.swift /Users/larsboes/Developer/boring.notch/boringNotch/components/Settings/Views/NotificationsSettingsView.swift /Users/larsboes/Developer/boring.notch/boringNotch/components/Settings/Views/BluetoothSettingsView.swift /Users/larsboes/Developer/boring.notch/boringNotch/components/Notch/BoringHeader.swift (in target 'boringNotch' from project 'boringNotch')

SwiftCompile normal arm64 /Users/larsboes/Developer/boring.notch/boringNotch/components/Settings/Views/ShortcutsSettingsView.swift (in target 'boringNotch' from project 'boringNotch')
    cd /Users/larsboes/Developer/boring.notch
    

SwiftCompile normal arm64 /Users/larsboes/Developer/boring.notch/boringNotch/components/Settings/Views/GeneralSettingsView.swift (in target 'boringNotch' from project 'boringNotch')
    cd /Users/larsboes/Developer/boring.notch
    

SwiftCompile normal arm64 /Users/larsboes/Developer/boring.notch/boringNotch/components/Settings/Views/ShelfSettingsView.swift (in target 'boringNotch' from project 'boringNotch')
    cd /Users/larsboes/Developer/boring.notch
    

SwiftCompile normal arm64 /Users/larsboes/Developer/boring.notch/boringNotch/components/Settings/Views/AppearanceSettingsView.swift (in target 'boringNotch' from project 'boringNotch')
    cd /Users/larsboes/Developer/boring.notch
    

SwiftCompile normal arm64 /Users/larsboes/Developer/boring.notch/boringNotch/components/Settings/Views/BatterySettingsView.swift (in target 'boringNotch' from project 'boringNotch')
    cd /Users/larsboes/Developer/boring.notch
    

SwiftCompile normal arm64 /Users/larsboes/Developer/boring.notch/boringNotch/components/Settings/Views/AdvancedSettingsView.swift (in target 'boringNotch' from project 'boringNotch')
    cd /Users/larsboes/Developer/boring.notch
    

SwiftCompile normal arm64 /Users/larsboes/Developer/boring.notch/boringNotch/components/Settings/Views/CalendarSettingsView.swift (in target 'boringNotch' from project 'boringNotch')
    cd /Users/larsboes/Developer/boring.notch
    

SwiftCompile normal arm64 /Users/larsboes/Developer/boring.notch/boringNotch/components/Settings/Views/HUDSettingsView.swift (in target 'boringNotch' from project 'boringNotch')
    cd /Users/larsboes/Developer/boring.notch
    

SwiftCompile normal arm64 /Users/larsboes/Developer/boring.notch/boringNotch/components/Settings/Views/MediaSettingsView.swift (in target 'boringNotch' from project 'boringNotch')
    cd /Users/larsboes/Developer/boring.notch
    

SwiftCompile normal arm64 /Users/larsboes/Developer/boring.notch/boringNotch/components/Settings/Views/WeatherSettingsView.swift (in target 'boringNotch' from project 'boringNotch')
    cd /Users/larsboes/Developer/boring.notch
    

SwiftCompile normal arm64 /Users/larsboes/Developer/boring.notch/boringNotch/components/Settings/Views/NotificationsSettingsView.swift (in target 'boringNotch' from project 'boringNotch')
    cd /Users/larsboes/Developer/boring.notch
    

SwiftCompile normal arm64 /Users/larsboes/Developer/boring.notch/boringNotch/components/Settings/Views/BluetoothSettingsView.swift (in target 'boringNotch' from project 'boringNotch')
    cd /Users/larsboes/Developer/boring.notch
    

SwiftCompile normal arm64 /Users/larsboes/Developer/boring.notch/boringNotch/components/Notch/BoringHeader.swift (in target 'boringNotch' from project 'boringNotch')
    cd /Users/larsboes/Developer/boring.notch
    

SwiftCompile normal arm64 Compiling\ ShelfItemView.swift,\ QuickLookService.swift,\ ClipboardView.swift,\ NotesView.swift,\ ShelfActionService.swift,\ ShelfMenuActionTarget.swift,\ MediaKeyInterceptor.swift,\ MusicArtworkService.swift,\ NotificationCenterManager.swift,\ HelloAnimation.swift,\ NotchHomeView.swift,\ BoringViewModel.swift,\ generic.swift /Users/larsboes/Developer/boring.notch/boringNotch/components/Shelf/Views/ShelfItemView.swift /Users/larsboes/Developer/boring.notch/boringNotch/components/Shelf/Services/QuickLookService.swift /Users/larsboes/Developer/boring.notch/boringNotch/components/Shelf/Views/ClipboardView.swift /Users/larsboes/Developer/boring.notch/boringNotch/components/Shelf/Views/NotesView.swift /Users/larsboes/Developer/boring.notch/boringNotch/components/Shelf/Services/ShelfActionService.swift /Users/larsboes/Developer/boring.notch/boringNotch/components/Shelf/Services/ShelfMenuActionTarget.swift /Users/larsboes/Developer/boring.notch/boringNotch/observers/MediaKeyInterceptor.swift /Users/larsboes/Developer/boring.notch/boringNotch/managers/MusicArtworkService.swift /Users/larsboes/Developer/boring.notch/boringNotch/managers/NotificationCenterManager.swift /Users/larsboes/Developer/boring.notch/boringNotch/animations/HelloAnimation.swift /Users/larsboes/Developer/boring.notch/boringNotch/components/Notch/NotchHomeView.swift /Users/larsboes/Developer/boring.notch/boringNotch/models/BoringViewModel.swift /Users/larsboes/Developer/boring.notch/boringNotch/enums/generic.swift (in target 'boringNotch' from project 'boringNotch')
SwiftCompile normal arm64 /Users/larsboes/Developer/boring.notch/boringNotch/components/Shelf/Views/ShelfItemView.swift (in target 'boringNotch' from project 'boringNotch')
    cd /Users/larsboes/Developer/boring.notch
    

SwiftCompile normal arm64 /Users/larsboes/Developer/boring.notch/boringNotch/components/Shelf/Services/QuickLookService.swift (in target 'boringNotch' from project 'boringNotch')
    cd /Users/larsboes/Developer/boring.notch
    

SwiftCompile normal arm64 /Users/larsboes/Developer/boring.notch/boringNotch/components/Shelf/Views/ClipboardView.swift (in target 'boringNotch' from project 'boringNotch')
    cd /Users/larsboes/Developer/boring.notch
    

SwiftCompile normal arm64 /Users/larsboes/Developer/boring.notch/boringNotch/components/Shelf/Views/NotesView.swift (in target 'boringNotch' from project 'boringNotch')
    cd /Users/larsboes/Developer/boring.notch
    

SwiftCompile normal arm64 /Users/larsboes/Developer/boring.notch/boringNotch/components/Shelf/Services/ShelfActionService.swift (in target 'boringNotch' from project 'boringNotch')
    cd /Users/larsboes/Developer/boring.notch
    

SwiftCompile normal arm64 /Users/larsboes/Developer/boring.notch/boringNotch/components/Shelf/Services/ShelfMenuActionTarget.swift (in target 'boringNotch' from project 'boringNotch')
    cd /Users/larsboes/Developer/boring.notch
    

SwiftCompile normal arm64 /Users/larsboes/Developer/boring.notch/boringNotch/observers/MediaKeyInterceptor.swift (in target 'boringNotch' from project 'boringNotch')
    cd /Users/larsboes/Developer/boring.notch
    

SwiftCompile normal arm64 /Users/larsboes/Developer/boring.notch/boringNotch/managers/MusicArtworkService.swift (in target 'boringNotch' from project 'boringNotch')
    cd /Users/larsboes/Developer/boring.notch
    

SwiftCompile normal arm64 /Users/larsboes/Developer/boring.notch/boringNotch/managers/NotificationCenterManager.swift (in target 'boringNotch' from project 'boringNotch')
    cd /Users/larsboes/Developer/boring.notch
    

SwiftCompile normal arm64 /Users/larsboes/Developer/boring.notch/boringNotch/animations/HelloAnimation.swift (in target 'boringNotch' from project 'boringNotch')
    cd /Users/larsboes/Developer/boring.notch
    

SwiftCompile normal arm64 /Users/larsboes/Developer/boring.notch/boringNotch/components/Notch/NotchHomeView.swift (in target 'boringNotch' from project 'boringNotch')
    cd /Users/larsboes/Developer/boring.notch
    

SwiftCompile normal arm64 /Users/larsboes/Developer/boring.notch/boringNotch/models/BoringViewModel.swift (in target 'boringNotch' from project 'boringNotch')
    cd /Users/larsboes/Developer/boring.notch
    

SwiftCompile normal arm64 /Users/larsboes/Developer/boring.notch/boringNotch/enums/generic.swift (in target 'boringNotch' from project 'boringNotch')
    cd /Users/larsboes/Developer/boring.notch
    

SwiftCompile normal arm64 Compiling\ BoringWeather.swift,\ PermissionsRequestView.swift,\ BrightnessManager.swift,\ NotchPlugin.swift,\ PluginContext.swift,\ PluginManager.swift,\ PluginEventBus.swift,\ MusicPlugin.swift,\ ServiceContainer.swift,\ BatteryService.swift,\ CalendarService.swift,\ WeatherService.swift /Users/larsboes/Developer/boring.notch/boringNotch/components/Weather/BoringWeather.swift /Users/larsboes/Developer/boring.notch/boringNotch/components/Onboarding/PermissionsRequestView.swift /Users/larsboes/Developer/boring.notch/boringNotch/managers/BrightnessManager.swift /Users/larsboes/Developer/boring.notch/boringNotch/Plugins/Core/NotchPlugin.swift /Users/larsboes/Developer/boring.notch/boringNotch/Plugins/Core/PluginContext.swift /Users/larsboes/Developer/boring.notch/boringNotch/Plugins/Core/PluginManager.swift /Users/larsboes/Developer/boring.notch/boringNotch/Plugins/Core/PluginEventBus.swift /Users/larsboes/Developer/boring.notch/boringNotch/Plugins/BuiltIn/MusicPlugin/MusicPlugin.swift /Users/larsboes/Developer/boring.notch/boringNotch/Plugins/Services/ServiceContainer.swift /Users/larsboes/Developer/boring.notch/boringNotch/Plugins/Services/BatteryService.swift /Users/larsboes/Developer/boring.notch/boringNotch/Plugins/Services/CalendarService.swift /Users/larsboes/Developer/boring.notch/boringNotch/Plugins/Services/WeatherService.swift (in target 'boringNotch' from project 'boringNotch')

SwiftCompile normal arm64 /Users/larsboes/Developer/boring.notch/boringNotch/components/Weather/BoringWeather.swift (in target 'boringNotch' from project 'boringNotch')
    cd /Users/larsboes/Developer/boring.notch
    

SwiftCompile normal arm64 /Users/larsboes/Developer/boring.notch/boringNotch/components/Onboarding/PermissionsRequestView.swift (in target 'boringNotch' from project 'boringNotch')
    cd /Users/larsboes/Developer/boring.notch
    

SwiftCompile normal arm64 /Users/larsboes/Developer/boring.notch/boringNotch/managers/BrightnessManager.swift (in target 'boringNotch' from project 'boringNotch')
    cd /Users/larsboes/Developer/boring.notch
    

SwiftCompile normal arm64 /Users/larsboes/Developer/boring.notch/boringNotch/Plugins/Core/NotchPlugin.swift (in target 'boringNotch' from project 'boringNotch')
    cd /Users/larsboes/Developer/boring.notch
    

SwiftCompile normal arm64 /Users/larsboes/Developer/boring.notch/boringNotch/Plugins/Core/PluginContext.swift (in target 'boringNotch' from project 'boringNotch')
    cd /Users/larsboes/Developer/boring.notch
    

SwiftCompile normal arm64 /Users/larsboes/Developer/boring.notch/boringNotch/Plugins/Core/PluginManager.swift (in target 'boringNotch' from project 'boringNotch')
    cd /Users/larsboes/Developer/boring.notch
    

SwiftCompile normal arm64 /Users/larsboes/Developer/boring.notch/boringNotch/Plugins/Core/PluginEventBus.swift (in target 'boringNotch' from project 'boringNotch')
    cd /Users/larsboes/Developer/boring.notch
    

SwiftCompile normal arm64 /Users/larsboes/Developer/boring.notch/boringNotch/Plugins/BuiltIn/MusicPlugin/MusicPlugin.swift (in target 'boringNotch' from project 'boringNotch')
    cd /Users/larsboes/Developer/boring.notch
    

SwiftCompile normal arm64 /Users/larsboes/Developer/boring.notch/boringNotch/Plugins/Services/ServiceContainer.swift (in target 'boringNotch' from project 'boringNotch')
    cd /Users/larsboes/Developer/boring.notch
    

SwiftCompile normal arm64 /Users/larsboes/Developer/boring.notch/boringNotch/Plugins/Services/BatteryService.swift (in target 'boringNotch' from project 'boringNotch')
    cd /Users/larsboes/Developer/boring.notch
    

SwiftCompile normal arm64 /Users/larsboes/Developer/boring.notch/boringNotch/Plugins/Services/CalendarService.swift (in target 'boringNotch' from project 'boringNotch')
    cd /Users/larsboes/Developer/boring.notch
    

SwiftCompile normal arm64 /Users/larsboes/Developer/boring.notch/boringNotch/Plugins/Services/WeatherService.swift (in target 'boringNotch' from project 'boringNotch')
    cd /Users/larsboes/Developer/boring.notch
    

SwiftCompile normal arm64 Compiling\ MicrophoneMonitor.swift,\ CountdownState.swift,\ TeleprompterShortcutHandler.swift,\ CountdownOverlayView.swift,\ BrowserExtensionServer.swift,\ BrowserExtensionModels.swift,\ BrowserMediaController.swift,\ TeleprompterTimerManager.swift,\ HeaderButton.swift,\ DisplayPrioritizer.swift,\ PluginID.swift,\ GeneratedStringSymbols_Localizable.swift /Users/larsboes/Developer/boring.notch/boringNotch/Plugins/BuiltIn/TeleprompterPlugin/MicrophoneMonitor.swift /Users/larsboes/Developer/boring.notch/boringNotch/Plugins/BuiltIn/TeleprompterPlugin/CountdownState.swift /Users/larsboes/Developer/boring.notch/boringNotch/Plugins/BuiltIn/TeleprompterPlugin/TeleprompterShortcutHandler.swift /Users/larsboes/Developer/boring.notch/boringNotch/Plugins/BuiltIn/TeleprompterPlugin/Views/CountdownOverlayView.swift /Users/larsboes/Developer/boring.notch/boringNotch/MediaControllers/Browser\ Extension/BrowserExtensionServer.swift /Users/larsboes/Developer/boring.notch/boringNotch/MediaControllers/Browser\ Extension/BrowserExtensionModels.swift /Users/larsboes/Developer/boring.notch/boringNotch/MediaControllers/Browser\ Extension/BrowserMediaController.swift /Users/larsboes/Developer/boring.notch/boringNotch/Plugins/BuiltIn/TeleprompterPlugin/TeleprompterTimerManager.swift /Users/larsboes/Developer/boring.notch/boringNotch/components/Notch/HeaderButton.swift /Users/larsboes/Developer/boring.notch/boringNotch/Plugins/Core/DisplayPrioritizer.swift /Users/larsboes/Developer/boring.notch/boringNotch/Plugins/Core/PluginID.swift /Users/larsboes/Library/Developer/Xcode/DerivedData/boringNotch-gnifydcpqlwtrbfssnsvxorvuuwt/Build/Intermediates.noindex/boringNotch.build/Debug/boringNotch.build/DerivedSources/GeneratedStringSymbols_Localizable.swift (in target 'boringNotch' from project 'boringNotch')

SwiftCompile normal arm64 /Users/larsboes/Developer/boring.notch/boringNotch/Plugins/BuiltIn/TeleprompterPlugin/MicrophoneMonitor.swift (in target 'boringNotch' from project 'boringNotch')
    cd /Users/larsboes/Developer/boring.notch
    

SwiftCompile normal arm64 /Users/larsboes/Developer/boring.notch/boringNotch/Plugins/BuiltIn/TeleprompterPlugin/CountdownState.swift (in target 'boringNotch' from project 'boringNotch')
    cd /Users/larsboes/Developer/boring.notch
    

SwiftCompile normal arm64 /Users/larsboes/Developer/boring.notch/boringNotch/Plugins/BuiltIn/TeleprompterPlugin/TeleprompterShortcutHandler.swift (in target 'boringNotch' from project 'boringNotch')
    cd /Users/larsboes/Developer/boring.notch
    

SwiftCompile normal arm64 /Users/larsboes/Developer/boring.notch/boringNotch/Plugins/BuiltIn/TeleprompterPlugin/Views/CountdownOverlayView.swift (in target 'boringNotch' from project 'boringNotch')
    cd /Users/larsboes/Developer/boring.notch
    

SwiftCompile normal arm64 /Users/larsboes/Developer/boring.notch/boringNotch/MediaControllers/Browser\ Extension/BrowserExtensionServer.swift (in target 'boringNotch' from project 'boringNotch')
    cd /Users/larsboes/Developer/boring.notch
    
/Users/larsboes/Developer/boring.notch/boringNotch/MediaControllers/Browser Extension/BrowserExtensionServer.swift:145:13: warning: initialization of immutable value 'isFinal' was never used; consider replacing with assignment to '_' or removing it
        let isFinal = (header1 & 0x80) != 0
        ~~~~^~~~~~~
        _
/Users/larsboes/Developer/boring.notch/boringNotch/MediaControllers/Browser Extension/BrowserExtensionServer.swift:178:20: warning: value 'jsonString' was defined but never used; consider replacing with boolean test
            if let jsonString = String(data: payload, encoding: .utf8) {
               ~~~~^~~~~~~~~~~~~
                                                                       != nil
/Users/larsboes/Developer/boring.notch/boringNotch/MediaControllers/Browser Extension/BrowserExtensionServer.swift:212:19: warning: value 'data' was defined but never used; consider replacing with boolean test
        guard let data = magic.data(using: .utf8) else { return nil }
              ~~~~^~~~~~~
                                                  != nil

SwiftCompile normal arm64 /Users/larsboes/Developer/boring.notch/boringNotch/MediaControllers/Browser\ Extension/BrowserExtensionModels.swift (in target 'boringNotch' from project 'boringNotch')
    cd /Users/larsboes/Developer/boring.notch
    

SwiftCompile normal arm64 /Users/larsboes/Developer/boring.notch/boringNotch/MediaControllers/Browser\ Extension/BrowserMediaController.swift (in target 'boringNotch' from project 'boringNotch')
    cd /Users/larsboes/Developer/boring.notch
    

SwiftCompile normal arm64 /Users/larsboes/Developer/boring.notch/boringNotch/Plugins/BuiltIn/TeleprompterPlugin/TeleprompterTimerManager.swift (in target 'boringNotch' from project 'boringNotch')
    cd /Users/larsboes/Developer/boring.notch
    

SwiftCompile normal arm64 /Users/larsboes/Developer/boring.notch/boringNotch/components/Notch/HeaderButton.swift (in target 'boringNotch' from project 'boringNotch')
    cd /Users/larsboes/Developer/boring.notch
    

SwiftCompile normal arm64 /Users/larsboes/Developer/boring.notch/boringNotch/Plugins/Core/DisplayPrioritizer.swift (in target 'boringNotch' from project 'boringNotch')
    cd /Users/larsboes/Developer/boring.notch
    

SwiftCompile normal arm64 /Users/larsboes/Developer/boring.notch/boringNotch/Plugins/Core/PluginID.swift (in target 'boringNotch' from project 'boringNotch')
    cd /Users/larsboes/Developer/boring.notch
    

SwiftCompile normal arm64 /Users/larsboes/Library/Developer/Xcode/DerivedData/boringNotch-gnifydcpqlwtrbfssnsvxorvuuwt/Build/Intermediates.noindex/boringNotch.build/Debug/boringNotch.build/DerivedSources/GeneratedStringSymbols_Localizable.swift (in target 'boringNotch' from project 'boringNotch')
    cd /Users/larsboes/Developer/boring.notch
    

SwiftCompile normal arm64 Compiling\ PomodoroModels.swift,\ PomodoroPlugin.swift,\ PomodoroSettingsView.swift,\ PomodoroTimer.swift,\ NotchServiceProvider.swift,\ QuickLookServiceProtocol.swift,\ PluginManager+ViewHelpers.swift,\ DefaultsNotchSettings+HUD.swift,\ DefaultsNotchSettings+Music.swift,\ DefaultsNotchSettings+Display.swift,\ DefaultsNotchSettings+Plugins.swift,\ TeleprompterControlPanel.swift /Users/larsboes/Developer/boring.notch/boringNotch/Plugins/BuiltIn/PomodoroPlugin/PomodoroModels.swift /Users/larsboes/Developer/boring.notch/boringNotch/Plugins/BuiltIn/PomodoroPlugin/PomodoroPlugin.swift /Users/larsboes/Developer/boring.notch/boringNotch/Plugins/BuiltIn/PomodoroPlugin/PomodoroSettingsView.swift /Users/larsboes/Developer/boring.notch/boringNotch/Plugins/BuiltIn/PomodoroPlugin/PomodoroTimer.swift /Users/larsboes/Developer/boring.notch/boringNotch/Plugins/Core/NotchServiceProvider.swift /Users/larsboes/Developer/boring.notch/boringNotch/Plugins/Services/QuickLookServiceProtocol.swift /Users/larsboes/Developer/boring.notch/boringNotch/Plugins/UI/PluginManager+ViewHelpers.swift /Users/larsboes/Developer/boring.notch/boringNotch/Core/DefaultsNotchSettings+HUD.swift /Users/larsboes/Developer/boring.notch/boringNotch/Core/DefaultsNotchSettings+Music.swift /Users/larsboes/Developer/boring.notch/boringNotch/Core/DefaultsNotchSettings+Display.swift /Users/larsboes/Developer/boring.notch/boringNotch/Core/DefaultsNotchSettings+Plugins.swift /Users/larsboes/Developer/boring.notch/boringNotch/Plugins/BuiltIn/TeleprompterPlugin/Views/TeleprompterControlPanel.swift (in target 'boringNotch' from project 'boringNotch')

SwiftCompile normal arm64 /Users/larsboes/Developer/boring.notch/boringNotch/Plugins/BuiltIn/PomodoroPlugin/PomodoroModels.swift (in target 'boringNotch' from project 'boringNotch')
    cd /Users/larsboes/Developer/boring.notch
    

SwiftCompile normal arm64 /Users/larsboes/Developer/boring.notch/boringNotch/Plugins/BuiltIn/PomodoroPlugin/PomodoroPlugin.swift (in target 'boringNotch' from project 'boringNotch')
    cd /Users/larsboes/Developer/boring.notch
    

SwiftCompile normal arm64 /Users/larsboes/Developer/boring.notch/boringNotch/Plugins/BuiltIn/PomodoroPlugin/PomodoroSettingsView.swift (in target 'boringNotch' from project 'boringNotch')
    cd /Users/larsboes/Developer/boring.notch
    

SwiftCompile normal arm64 /Users/larsboes/Developer/boring.notch/boringNotch/Plugins/BuiltIn/PomodoroPlugin/PomodoroTimer.swift (in target 'boringNotch' from project 'boringNotch')
    cd /Users/larsboes/Developer/boring.notch
    

SwiftCompile normal arm64 /Users/larsboes/Developer/boring.notch/boringNotch/Plugins/Core/NotchServiceProvider.swift (in target 'boringNotch' from project 'boringNotch')
    cd /Users/larsboes/Developer/boring.notch
    

SwiftCompile normal arm64 /Users/larsboes/Developer/boring.notch/boringNotch/Plugins/Services/QuickLookServiceProtocol.swift (in target 'boringNotch' from project 'boringNotch')
    cd /Users/larsboes/Developer/boring.notch
    

SwiftCompile normal arm64 /Users/larsboes/Developer/boring.notch/boringNotch/Plugins/UI/PluginManager+ViewHelpers.swift (in target 'boringNotch' from project 'boringNotch')
    cd /Users/larsboes/Developer/boring.notch
    

SwiftCompile normal arm64 /Users/larsboes/Developer/boring.notch/boringNotch/Core/DefaultsNotchSettings+HUD.swift (in target 'boringNotch' from project 'boringNotch')
    cd /Users/larsboes/Developer/boring.notch
    

SwiftCompile normal arm64 /Users/larsboes/Developer/boring.notch/boringNotch/Core/DefaultsNotchSettings+Music.swift (in target 'boringNotch' from project 'boringNotch')
    cd /Users/larsboes/Developer/boring.notch
    

SwiftCompile normal arm64 /Users/larsboes/Developer/boring.notch/boringNotch/Core/DefaultsNotchSettings+Display.swift (in target 'boringNotch' from project 'boringNotch')
    cd /Users/larsboes/Developer/boring.notch
    

SwiftCompile normal arm64 /Users/larsboes/Developer/boring.notch/boringNotch/Core/DefaultsNotchSettings+Plugins.swift (in target 'boringNotch' from project 'boringNotch')
    cd /Users/larsboes/Developer/boring.notch
    

SwiftCompile normal arm64 /Users/larsboes/Developer/boring.notch/boringNotch/Plugins/BuiltIn/TeleprompterPlugin/Views/TeleprompterControlPanel.swift (in target 'boringNotch' from project 'boringNotch')
    cd /Users/larsboes/Developer/boring.notch
    

SwiftCompile normal arm64 Compiling\ matters.swift,\ SettingsView.swift,\ SettingsWindowController.swift,\ OnboardingFinishView.swift,\ ContentView.swift,\ ContentView+Appearance.swift,\ ShelfView.swift,\ OnboardingView.swift,\ boringNotchApp.swift,\ AppObjectGraph.swift,\ XPCHelperServiceProtocol.swift,\ TabSelectionView.swift /Users/larsboes/Developer/boring.notch/boringNotch/sizing/matters.swift /Users/larsboes/Developer/boring.notch/boringNotch/components/Settings/SettingsView.swift /Users/larsboes/Developer/boring.notch/boringNotch/components/Settings/SettingsWindowController.swift /Users/larsboes/Developer/boring.notch/boringNotch/components/Onboarding/OnboardingFinishView.swift /Users/larsboes/Developer/boring.notch/boringNotch/ContentView.swift /Users/larsboes/Developer/boring.notch/boringNotch/ContentView+Appearance.swift /Users/larsboes/Developer/boring.notch/boringNotch/components/Shelf/Views/ShelfView.swift /Users/larsboes/Developer/boring.notch/boringNotch/components/Onboarding/OnboardingView.swift /Users/larsboes/Developer/boring.notch/boringNotch/boringNotchApp.swift /Users/larsboes/Developer/boring.notch/boringNotch/AppObjectGraph.swift /Users/larsboes/Developer/boring.notch/boringNotch/XPCHelperClient/XPCHelperServiceProtocol.swift /Users/larsboes/Developer/boring.notch/boringNotch/components/Tabs/TabSelectionView.swift (in target 'boringNotch' from project 'boringNotch')

SwiftCompile normal arm64 /Users/larsboes/Developer/boring.notch/boringNotch/sizing/matters.swift (in target 'boringNotch' from project 'boringNotch')
    cd /Users/larsboes/Developer/boring.notch
    

SwiftCompile normal arm64 /Users/larsboes/Developer/boring.notch/boringNotch/components/Settings/SettingsView.swift (in target 'boringNotch' from project 'boringNotch')
    cd /Users/larsboes/Developer/boring.notch
    

SwiftCompile normal arm64 /Users/larsboes/Developer/boring.notch/boringNotch/components/Settings/SettingsWindowController.swift (in target 'boringNotch' from project 'boringNotch')
    cd /Users/larsboes/Developer/boring.notch
    

SwiftCompile normal arm64 /Users/larsboes/Developer/boring.notch/boringNotch/components/Onboarding/OnboardingFinishView.swift (in target 'boringNotch' from project 'boringNotch')
    cd /Users/larsboes/Developer/boring.notch
    

SwiftCompile normal arm64 /Users/larsboes/Developer/boring.notch/boringNotch/ContentView.swift (in target 'boringNotch' from project 'boringNotch')
    cd /Users/larsboes/Developer/boring.notch
    

SwiftCompile normal arm64 /Users/larsboes/Developer/boring.notch/boringNotch/ContentView+Appearance.swift (in target 'boringNotch' from project 'boringNotch')
    cd /Users/larsboes/Developer/boring.notch
    

SwiftCompile normal arm64 /Users/larsboes/Developer/boring.notch/boringNotch/components/Shelf/Views/ShelfView.swift (in target 'boringNotch' from project 'boringNotch')
    cd /Users/larsboes/Developer/boring.notch
    

SwiftCompile normal arm64 /Users/larsboes/Developer/boring.notch/boringNotch/components/Onboarding/OnboardingView.swift (in target 'boringNotch' from project 'boringNotch')
    cd /Users/larsboes/Developer/boring.notch
    

SwiftCompile normal arm64 /Users/larsboes/Developer/boring.notch/boringNotch/boringNotchApp.swift (in target 'boringNotch' from project 'boringNotch')
    cd /Users/larsboes/Developer/boring.notch
    

SwiftCompile normal arm64 /Users/larsboes/Developer/boring.notch/boringNotch/AppObjectGraph.swift (in target 'boringNotch' from project 'boringNotch')
    cd /Users/larsboes/Developer/boring.notch
    

SwiftCompile normal arm64 /Users/larsboes/Developer/boring.notch/boringNotch/XPCHelperClient/XPCHelperServiceProtocol.swift (in target 'boringNotch' from project 'boringNotch')
    cd /Users/larsboes/Developer/boring.notch
    

SwiftCompile normal arm64 /Users/larsboes/Developer/boring.notch/boringNotch/components/Tabs/TabSelectionView.swift (in target 'boringNotch' from project 'boringNotch')
    cd /Users/larsboes/Developer/boring.notch
    

SwiftCompile normal arm64 Compiling\ MusicLiveActivity.swift,\ PluginMusicPlayerView.swift,\ PluginEnvironment.swift,\ CalendarPlugin.swift,\ WeatherPlugin.swift,\ ShelfPlugin.swift,\ WebcamPlugin.swift,\ NotificationsPlugin.swift,\ BatteryPlugin.swift,\ ClipboardPlugin.swift,\ SoundService.swift,\ NotchViewModelSettings.swift /Users/larsboes/Developer/boring.notch/boringNotch/Plugins/BuiltIn/MusicPlugin/Views/MusicLiveActivity.swift /Users/larsboes/Developer/boring.notch/boringNotch/Plugins/BuiltIn/MusicPlugin/Views/PluginMusicPlayerView.swift /Users/larsboes/Developer/boring.notch/boringNotch/Plugins/Core/PluginEnvironment.swift /Users/larsboes/Developer/boring.notch/boringNotch/Plugins/BuiltIn/CalendarPlugin/CalendarPlugin.swift /Users/larsboes/Developer/boring.notch/boringNotch/Plugins/BuiltIn/WeatherPlugin/WeatherPlugin.swift /Users/larsboes/Developer/boring.notch/boringNotch/Plugins/BuiltIn/ShelfPlugin/ShelfPlugin.swift /Users/larsboes/Developer/boring.notch/boringNotch/Plugins/BuiltIn/WebcamPlugin/WebcamPlugin.swift /Users/larsboes/Developer/boring.notch/boringNotch/Plugins/BuiltIn/NotificationsPlugin/NotificationsPlugin.swift /Users/larsboes/Developer/boring.notch/boringNotch/Plugins/BuiltIn/BatteryPlugin/BatteryPlugin.swift /Users/larsboes/Developer/boring.notch/boringNotch/Plugins/BuiltIn/ClipboardPlugin/ClipboardPlugin.swift /Users/larsboes/Developer/boring.notch/boringNotch/Plugins/Services/SoundService.swift /Users/larsboes/Developer/boring.notch/boringNotch/models/NotchViewModelSettings.swift (in target 'boringNotch' from project 'boringNotch')

SwiftCompile normal arm64 /Users/larsboes/Developer/boring.notch/boringNotch/Plugins/BuiltIn/MusicPlugin/Views/MusicLiveActivity.swift (in target 'boringNotch' from project 'boringNotch')
    cd /Users/larsboes/Developer/boring.notch
    

SwiftCompile normal arm64 /Users/larsboes/Developer/boring.notch/boringNotch/Plugins/BuiltIn/MusicPlugin/Views/PluginMusicPlayerView.swift (in target 'boringNotch' from project 'boringNotch')
    cd /Users/larsboes/Developer/boring.notch
    

SwiftCompile normal arm64 /Users/larsboes/Developer/boring.notch/boringNotch/Plugins/Core/PluginEnvironment.swift (in target 'boringNotch' from project 'boringNotch')
    cd /Users/larsboes/Developer/boring.notch
    

SwiftCompile normal arm64 /Users/larsboes/Developer/boring.notch/boringNotch/Plugins/BuiltIn/CalendarPlugin/CalendarPlugin.swift (in target 'boringNotch' from project 'boringNotch')
    cd /Users/larsboes/Developer/boring.notch
    

SwiftCompile normal arm64 /Users/larsboes/Developer/boring.notch/boringNotch/Plugins/BuiltIn/WeatherPlugin/WeatherPlugin.swift (in target 'boringNotch' from project 'boringNotch')
    cd /Users/larsboes/Developer/boring.notch
    

SwiftCompile normal arm64 /Users/larsboes/Developer/boring.notch/boringNotch/Plugins/BuiltIn/ShelfPlugin/ShelfPlugin.swift (in target 'boringNotch' from project 'boringNotch')
    cd /Users/larsboes/Developer/boring.notch
    

SwiftCompile normal arm64 /Users/larsboes/Developer/boring.notch/boringNotch/Plugins/BuiltIn/WebcamPlugin/WebcamPlugin.swift (in target 'boringNotch' from project 'boringNotch')
    cd /Users/larsboes/Developer/boring.notch
    

SwiftCompile normal arm64 /Users/larsboes/Developer/boring.notch/boringNotch/Plugins/BuiltIn/NotificationsPlugin/NotificationsPlugin.swift (in target 'boringNotch' from project 'boringNotch')
    cd /Users/larsboes/Developer/boring.notch
    

SwiftCompile normal arm64 /Users/larsboes/Developer/boring.notch/boringNotch/Plugins/BuiltIn/BatteryPlugin/BatteryPlugin.swift (in target 'boringNotch' from project 'boringNotch')
    cd /Users/larsboes/Developer/boring.notch
    

SwiftCompile normal arm64 /Users/larsboes/Developer/boring.notch/boringNotch/Plugins/BuiltIn/ClipboardPlugin/ClipboardPlugin.swift (in target 'boringNotch' from project 'boringNotch')
    cd /Users/larsboes/Developer/boring.notch
    

SwiftCompile normal arm64 /Users/larsboes/Developer/boring.notch/boringNotch/Plugins/Services/SoundService.swift (in target 'boringNotch' from project 'boringNotch')
    cd /Users/larsboes/Developer/boring.notch
    

SwiftCompile normal arm64 /Users/larsboes/Developer/boring.notch/boringNotch/models/NotchViewModelSettings.swift (in target 'boringNotch' from project 'boringNotch')
    cd /Users/larsboes/Developer/boring.notch
    

SwiftDriverJobDiscovery normal arm64 Compiling AppIntents.swift, URLSchemeHandler.swift, AIManager.swift, AIProvider.swift, AITextGenerationService.swift, NoAITextGenerationService.swift, OllamaProvider.swift, ProviderBackedAIService.swift, DisplayContent.swift, DisplaySurfacePlugin.swift, DisplaySurfaceState.swift, DisplaySurfaceClosedView.swift, DisplaySurfaceExpandedView.swift (in target 'boringNotch' from project 'boringNotch')

SwiftDriverJobDiscovery normal arm64 Compiling MicrophoneMonitor.swift, CountdownState.swift, TeleprompterShortcutHandler.swift, CountdownOverlayView.swift, BrowserExtensionServer.swift, BrowserExtensionModels.swift, BrowserMediaController.swift, TeleprompterTimerManager.swift, HeaderButton.swift, DisplayPrioritizer.swift, PluginID.swift, GeneratedStringSymbols_Localizable.swift (in target 'boringNotch' from project 'boringNotch')

